../Drivers/AD7676/Src/ad7676.c:23:13:ad7676_spi_configuration	4	static
../Drivers/AD7676/Src/ad7676.c:50:13:ad7676_dma_configuration	16	static
../Drivers/AD7676/Src/ad7676.c:65:13:ad7676_clock_configuration	40	static
../Drivers/AD7676/Src/ad7676.c:90:6:ad7676_init	24	static
../Drivers/AD7676/Src/ad7676.c:109:13:DMA_SetConfig	24	static
../Drivers/AD7676/Src/ad7676.c:143:26:SPI_WaitFlagStateUntilTimeout	40	static
../Drivers/AD7676/Src/ad7676.c:196:26:SPI_WaitFifoStateUntilTimeout	48	static
../Drivers/AD7676/Src/ad7676.c:262:13:DMA_callback	32	static
../Drivers/AD7676/Src/ad7676.c:299:13:SPI_DMAError	24	static
../Drivers/AD7676/Src/ad7676.c:316:6:ad7676_spi_read	16	static
../Drivers/AD7676/Src/ad7676.c:385:5:ad7676_calculate_output	24	static
../Drivers/AD7676/Src/ad7676.c:390:13:ad7676_spi_transaction	4	static
../Drivers/AD7676/Src/ad7676.c:396:13:ad7676_dma_enable_stream	24	static
../Drivers/AD7676/Src/ad7676.c:413:6:ad7676_spi_read_raw	16	static
../Drivers/AD7676/Src/ad7676.c:428:6:ad7676_read_one_sample	8	static
../Drivers/AD7676/Src/ad7676.c:458:6:ad7676_read_samples	16	static
../Drivers/AD7676/Src/ad7676.c:463:6:ad7676_read_continuous	16	static
../Drivers/AD7676/Src/ad7676.c:467:6:ad7676_display_samples	152	static
../Drivers/AD7676/Src/ad7676.c:490:6:ad7676_send_samples	48	static
../Drivers/AD7676/Src/ad7676.c:510:6:ad7676_reset_data	24	static
../Drivers/AD7676/Src/ad7676.c:521:6:ad7676_start_conversion	16	static,ignoring_inline_asm
