../Drivers/AD7676/Src/ad7676.c:22:13:ad7676_spi_configuration	4	static
../Drivers/AD7676/Src/ad7676.c:49:13:ad7676_dma_configuration	16	static
../Drivers/AD7676/Src/ad7676.c:64:13:ad7676_clock_configuration	40	static
../Drivers/AD7676/Src/ad7676.c:89:6:ad7676_init	24	static
../Drivers/AD7676/Src/ad7676.c:108:13:DMA_SetConfig	24	static
../Drivers/AD7676/Src/ad7676.c:142:26:SPI_WaitFlagStateUntilTimeout	40	static
../Drivers/AD7676/Src/ad7676.c:195:26:SPI_WaitFifoStateUntilTimeout	48	static
../Drivers/AD7676/Src/ad7676.c:261:13:DMA_callback	32	static
../Drivers/AD7676/Src/ad7676.c:298:13:SPI_DMAError	24	static
../Drivers/AD7676/Src/ad7676.c:315:6:ad7676_spi_read	16	static
../Drivers/AD7676/Src/ad7676.c:384:5:ad7676_calculate_output	24	static
../Drivers/AD7676/Src/ad7676.c:389:13:ad7676_spi_transaction	4	static
../Drivers/AD7676/Src/ad7676.c:395:13:ad7676_dma_enable_stream	24	static
../Drivers/AD7676/Src/ad7676.c:412:6:ad7676_spi_read_raw	16	static
../Drivers/AD7676/Src/ad7676.c:427:6:ad7676_read_one_sample	8	static
../Drivers/AD7676/Src/ad7676.c:457:6:ad7676_read_samples	16	static
../Drivers/AD7676/Src/ad7676.c:462:6:ad7676_read_continuous	16	static
../Drivers/AD7676/Src/ad7676.c:466:6:ad7676_display_samples	152	static
../Drivers/AD7676/Src/ad7676.c:489:6:ad7676_send_samples	128	static
../Drivers/AD7676/Src/ad7676.c:508:6:ad7676_reset_data	24	static
../Drivers/AD7676/Src/ad7676.c:519:6:ad7676_start_conversion	16	static,ignoring_inline_asm
