../Drivers/CMSIS/Include/core_cm4.h:1770:22:__NVIC_ClearPendingIRQ	16	static
../Core/Src/freertos.c:125:6:MX_FREERTOS_Init	8	static
../Core/Src/freertos.c:176:6:StartDefaultTask	40	static
../Core/Src/freertos.c:199:6:StartADC	104	static
../Core/Src/freertos.c:237:6:StartPLL	16	static
../Core/Src/freertos.c:259:6:StartATCmds	48	static
../Core/Src/freertos.c:282:6:HAL_UARTEx_RxEventCallback	16	static
../Core/Src/freertos.c:313:6:HAL_SPI_RxCpltCallback	16	static
../Core/Src/freertos.c:328:6:SPI2_IRQHandler	8	static
../Core/Src/freertos.c:336:6:DMA1_Channel4_IRQHandler	8	static
../Core/Src/freertos.c:356:6:HAL_SPI_ErrorCallback	16	static,ignoring_inline_asm
../Core/Src/freertos.c:362:6:HAL_UART_TxCpltCallback	16	static
../Core/Src/freertos.c:370:6:HAL_GPIO_EXTI_Callback	16	static
