../Core/Src/freertos.c:122:6:MX_FREERTOS_Init	8	static
../Core/Src/freertos.c:173:6:StartDefaultTask	40	static
../Core/Src/freertos.c:196:6:StartADC	112	static
../Core/Src/freertos.c:229:6:StartPLL	16	static
../Core/Src/freertos.c:251:6:StartATCmds	48	static
../Core/Src/freertos.c:274:6:HAL_UARTEx_RxEventCallback	16	static
../Core/Src/freertos.c:305:6:HAL_SPI_RxCpltCallback	16	static
../Core/Src/freertos.c:313:6:HAL_UART_TxCpltCallback	16	static
../Core/Src/freertos.c:321:6:HAL_GPIO_EXTI_Callback	16	static
