Archive member included to satisfy reference by file (symbol)

C:/ST/STM32CubeIDE_1.16.0/STM32CubeIDE/plugins/com.st.stm32cube.ide.mcu.externaltools.gnu-tools-for-stm32.12.3.rel1.win32_1.0.200.202406191623/tools/bin/../lib/gcc/arm-none-eabi/12.3.1/../../../../arm-none-eabi/lib/thumb/v7e-m+fp/hard\libc_nano.a(libc_a-calloc.o)
                              ./Drivers/No_OS/Src/no_os_alloc.o (calloc)
C:/ST/STM32CubeIDE_1.16.0/STM32CubeIDE/plugins/com.st.stm32cube.ide.mcu.externaltools.gnu-tools-for-stm32.12.3.rel1.win32_1.0.200.202406191623/tools/bin/../lib/gcc/arm-none-eabi/12.3.1/../../../../arm-none-eabi/lib/thumb/v7e-m+fp/hard\libc_nano.a(libc_a-callocr.o)
                              C:/ST/STM32CubeIDE_1.16.0/STM32CubeIDE/plugins/com.st.stm32cube.ide.mcu.externaltools.gnu-tools-for-stm32.12.3.rel1.win32_1.0.200.202406191623/tools/bin/../lib/gcc/arm-none-eabi/12.3.1/../../../../arm-none-eabi/lib/thumb/v7e-m+fp/hard\libc_nano.a(libc_a-calloc.o) (_calloc_r)
C:/ST/STM32CubeIDE_1.16.0/STM32CubeIDE/plugins/com.st.stm32cube.ide.mcu.externaltools.gnu-tools-for-stm32.12.3.rel1.win32_1.0.200.202406191623/tools/bin/../lib/gcc/arm-none-eabi/12.3.1/../../../../arm-none-eabi/lib/thumb/v7e-m+fp/hard\libc_nano.a(libc_a-exit.o)
                              C:/ST/STM32CubeIDE_1.16.0/STM32CubeIDE/plugins/com.st.stm32cube.ide.mcu.externaltools.gnu-tools-for-stm32.12.3.rel1.win32_1.0.200.202406191623/tools/bin/../lib/gcc/arm-none-eabi/12.3.1/../../../../arm-none-eabi/lib/thumb/v7e-m+fp/hard/crt0.o (exit)
C:/ST/STM32CubeIDE_1.16.0/STM32CubeIDE/plugins/com.st.stm32cube.ide.mcu.externaltools.gnu-tools-for-stm32.12.3.rel1.win32_1.0.200.202406191623/tools/bin/../lib/gcc/arm-none-eabi/12.3.1/../../../../arm-none-eabi/lib/thumb/v7e-m+fp/hard\libc_nano.a(libc_a-malloc.o)
                              ./Drivers/No_OS/Src/no_os_alloc.o (malloc)
C:/ST/STM32CubeIDE_1.16.0/STM32CubeIDE/plugins/com.st.stm32cube.ide.mcu.externaltools.gnu-tools-for-stm32.12.3.rel1.win32_1.0.200.202406191623/tools/bin/../lib/gcc/arm-none-eabi/12.3.1/../../../../arm-none-eabi/lib/thumb/v7e-m+fp/hard\libc_nano.a(libc_a-mallocr.o)
                              C:/ST/STM32CubeIDE_1.16.0/STM32CubeIDE/plugins/com.st.stm32cube.ide.mcu.externaltools.gnu-tools-for-stm32.12.3.rel1.win32_1.0.200.202406191623/tools/bin/../lib/gcc/arm-none-eabi/12.3.1/../../../../arm-none-eabi/lib/thumb/v7e-m+fp/hard\libc_nano.a(libc_a-callocr.o) (_malloc_r)
C:/ST/STM32CubeIDE_1.16.0/STM32CubeIDE/plugins/com.st.stm32cube.ide.mcu.externaltools.gnu-tools-for-stm32.12.3.rel1.win32_1.0.200.202406191623/tools/bin/../lib/gcc/arm-none-eabi/12.3.1/../../../../arm-none-eabi/lib/thumb/v7e-m+fp/hard\libc_nano.a(libc_a-mlock.o)
                              C:/ST/STM32CubeIDE_1.16.0/STM32CubeIDE/plugins/com.st.stm32cube.ide.mcu.externaltools.gnu-tools-for-stm32.12.3.rel1.win32_1.0.200.202406191623/tools/bin/../lib/gcc/arm-none-eabi/12.3.1/../../../../arm-none-eabi/lib/thumb/v7e-m+fp/hard\libc_nano.a(libc_a-mallocr.o) (__malloc_lock)
C:/ST/STM32CubeIDE_1.16.0/STM32CubeIDE/plugins/com.st.stm32cube.ide.mcu.externaltools.gnu-tools-for-stm32.12.3.rel1.win32_1.0.200.202406191623/tools/bin/../lib/gcc/arm-none-eabi/12.3.1/../../../../arm-none-eabi/lib/thumb/v7e-m+fp/hard\libc_nano.a(libc_a-strtol.o)
                              ./Core/Src/parser.o (strtol)
C:/ST/STM32CubeIDE_1.16.0/STM32CubeIDE/plugins/com.st.stm32cube.ide.mcu.externaltools.gnu-tools-for-stm32.12.3.rel1.win32_1.0.200.202406191623/tools/bin/../lib/gcc/arm-none-eabi/12.3.1/../../../../arm-none-eabi/lib/thumb/v7e-m+fp/hard\libc_nano.a(libc_a-strtoul.o)
                              ./Drivers/No_OS/Src/no_os_util.o (strtoul)
C:/ST/STM32CubeIDE_1.16.0/STM32CubeIDE/plugins/com.st.stm32cube.ide.mcu.externaltools.gnu-tools-for-stm32.12.3.rel1.win32_1.0.200.202406191623/tools/bin/../lib/gcc/arm-none-eabi/12.3.1/../../../../arm-none-eabi/lib/thumb/v7e-m+fp/hard\libc_nano.a(libc_a-ctype_.o)
                              C:/ST/STM32CubeIDE_1.16.0/STM32CubeIDE/plugins/com.st.stm32cube.ide.mcu.externaltools.gnu-tools-for-stm32.12.3.rel1.win32_1.0.200.202406191623/tools/bin/../lib/gcc/arm-none-eabi/12.3.1/../../../../arm-none-eabi/lib/thumb/v7e-m+fp/hard\libc_nano.a(libc_a-strtol.o) (_ctype_)
C:/ST/STM32CubeIDE_1.16.0/STM32CubeIDE/plugins/com.st.stm32cube.ide.mcu.externaltools.gnu-tools-for-stm32.12.3.rel1.win32_1.0.200.202406191623/tools/bin/../lib/gcc/arm-none-eabi/12.3.1/../../../../arm-none-eabi/lib/thumb/v7e-m+fp/hard\libc_nano.a(libc_a-nano-vfprintf_float.o)
                              (_printf_float)
C:/ST/STM32CubeIDE_1.16.0/STM32CubeIDE/plugins/com.st.stm32cube.ide.mcu.externaltools.gnu-tools-for-stm32.12.3.rel1.win32_1.0.200.202406191623/tools/bin/../lib/gcc/arm-none-eabi/12.3.1/../../../../arm-none-eabi/lib/thumb/v7e-m+fp/hard\libc_nano.a(libc_a-nano-vfprintf_i.o)
[...]
Memory Configuration

Name             Origin             Length             Attributes
RAM              0x20000000         0x00018000         xrw
RAM2             0x10000000         0x00008000         xrw
FLASH            0x08000000         0x00100000         xr
*default*        0x00000000         0xffffffff

Linker script and memory map

LOAD C:/ST/STM32CubeIDE_1.16.0/STM32CubeIDE/plugins/com.st.stm32cube.ide.mcu.externaltools.gnu-tools-for-stm32.12.3.rel1.win32_1.0.200.202406191623/tools/bin/../lib/gcc/arm-none-eabi/12.3.1/thumb/v7e-m+fp/hard/crti.o
LOAD C:/ST/STM32CubeIDE_1.16.0/STM32CubeIDE/plugins/com.st.stm32cube.ide.mcu.externaltools.gnu-tools-for-stm32.12.3.rel1.win32_1.0.200.202406191623/tools/bin/../lib/gcc/arm-none-eabi/12.3.1/thumb/v7e-m+fp/hard/crtbegin.o
LOAD C:/ST/STM32CubeIDE_1.16.0/STM32CubeIDE/plugins/com.st.stm32cube.ide.mcu.externaltools.gnu-tools-for-stm32.12.3.rel1.win32_1.0.200.202406191623/tools/bin/../lib/gcc/arm-none-eabi/12.3.1/../../../../arm-none-eabi/lib/thumb/v7e-m+fp/hard/crt0.o
LOAD ./Core/Src/delay.o
LOAD ./Core/Src/dma.o
LOAD ./Core/Src/freertos.o
LOAD ./Core/Src/gpio.o
LOAD ./Core/Src/main.o
LOAD ./Core/Src/parser.o
LOAD ./Core/Src/ring_buffer.o
LOAD ./Core/Src/spi.o
LOAD ./Core/Src/stm32l4xx_hal_msp.o
LOAD ./Core/Src/stm32l4xx_hal_timebase_tim.o
LOAD ./Core/Src/stm32l4xx_it.o
LOAD ./Core/Src/syscalls.o
LOAD ./Core/Src/sysmem.o
LOAD ./Core/Src/system_stm32l4xx.o
LOAD ./Core/Src/tim.o
LOAD ./Core/Src/usart.o
LOAD ./Core/Src/utils.o
LOAD ./Core/Startup/startup_stm32l476rgtx.o
LOAD ./Drivers/AD7676/Src/ad7676.o
LOAD ./Drivers/ADF5355/Src/adf5355.o
LOAD ./Drivers/ADF5355/Src/adf5355_api.o
LOAD ./Drivers/ADF5355/Src/basic_example.o
LOAD ./Drivers/No_OS/Src/no_os_alloc.o
LOAD ./Drivers/No_OS/Src/no_os_util.o
LOAD ./Drivers/STM32L4xx_HAL_Driver/Src/stm32l4xx_hal.o
LOAD ./Drivers/STM32L4xx_HAL_Driver/Src/stm32l4xx_hal_cortex.o
LOAD ./Drivers/STM32L4xx_HAL_Driver/Src/stm32l4xx_hal_dma.o
LOAD ./Drivers/STM32L4xx_HAL_Driver/Src/stm32l4xx_hal_dma_ex.o
LOAD ./Drivers/STM32L4xx_HAL_Driver/Src/stm32l4xx_hal_exti.o
LOAD ./Drivers/STM32L4xx_HAL_Driver/Src/stm32l4xx_hal_flash.o
LOAD ./Drivers/STM32L4xx_HAL_Driver/Src/stm32l4xx_hal_flash_ex.o
LOAD ./Drivers/STM32L4xx_HAL_Driver/Src/stm32l4xx_hal_flash_ramfunc.o
LOAD ./Drivers/STM32L4xx_HAL_Driver/Src/stm32l4xx_hal_gpio.o
LOAD ./Drivers/STM32L4xx_HAL_Driver/Src/stm32l4xx_hal_i2c.o
LOAD ./Drivers/STM32L4xx_HAL_Driver/Src/stm32l4xx_hal_i2c_ex.o
LOAD ./Drivers/STM32L4xx_HAL_Driver/Src/stm32l4xx_hal_pwr.o
LOAD ./Drivers/STM32L4xx_HAL_Driver/Src/stm32l4xx_hal_pwr_ex.o
LOAD ./Drivers/STM32L4xx_HAL_Driver/Src/stm32l4xx_hal_rcc.o
LOAD ./Drivers/STM32L4xx_HAL_Driver/Src/stm32l4xx_hal_rcc_ex.o
LOAD ./Drivers/STM32L4xx_HAL_Driver/Src/stm32l4xx_hal_spi.o
LOAD ./Drivers/STM32L4xx_HAL_Driver/Src/stm32l4xx_hal_spi_ex.o
LOAD ./Drivers/STM32L4xx_HAL_Driver/Src/stm32l4xx_hal_tim.o
LOAD ./Drivers/STM32L4xx_HAL_Driver/Src/stm32l4xx_hal_tim_ex.o
LOAD ./Drivers/STM32L4xx_HAL_Driver/Src/stm32l4xx_hal_uart.o
LOAD ./Drivers/STM32L4xx_HAL_Driver/Src/stm32l4xx_hal_uart_ex.o
LOAD ./Middlewares/Third_Party/FreeRTOS/Source/CMSIS_RTOS_V2/cmsis_os2.o
LOAD ./Middlewares/Third_Party/FreeRTOS/Source/croutine.o
LOAD ./Middlewares/Third_Party/FreeRTOS/Source/event_groups.o
LOAD ./Middlewares/Third_Party/FreeRTOS/Source/list.o
LOAD ./Middlewares/Third_Party/FreeRTOS/Source/queue.o
LOAD ./Middlewares/Third_Party/FreeRTOS/Source/stream_buffer.o
LOAD ./Middlewares/Third_Party/FreeRTOS/Source/tasks.o
LOAD ./Middlewares/Third_Party/FreeRTOS/Source/timers.o
LOAD ./Middlewares/Third_Party/FreeRTOS/Source/portable/GCC/ARM_CM4F/port.o
LOAD ./Middlewares/Third_Party/FreeRTOS/Source/portable/MemMang/heap_4.o
START GROUP
LOAD C:/ST/STM32CubeIDE_1.16.0/STM32CubeIDE/plugins/com.st.stm32cube.ide.mcu.externaltools.gnu-tools-for-stm32.12.3.rel1.win32_1.0.200.202406191623/tools/bin/../lib/gcc/arm-none-eabi/12.3.1/../../../../arm-none-eabi/lib/thumb/v7e-m+fp/hard\libc_nano.a
LOAD C:/ST/STM32CubeIDE_1.16.0/STM32CubeIDE/plugins/com.st.stm32cube.ide.mcu.externaltools.gnu-tools-for-stm32.12.3.rel1.win32_1.0.200.202406191623/tools/bin/../lib/gcc/arm-none-eabi/12.3.1/../../../../arm-none-eabi/lib/thumb/v7e-m+fp/hard\libm.a
END GROUP
START GROUP
LOAD C:/ST/STM32CubeIDE_1.16.0/STM32CubeIDE/plugins/com.st.stm32cube.ide.mcu.externaltools.gnu-tools-for-stm32.12.3.rel1.win32_1.0.200.202406191623/tools/bin/../lib/gcc/arm-none-eabi/12.3.1/thumb/v7e-m+fp/hard\libgcc.a
LOAD C:/ST/STM32CubeIDE_1.16.0/STM32CubeIDE/plugins/com.st.stm32cube.ide.mcu.externaltools.gnu-tools-for-stm32.12.3.rel1.win32_1.0.200.202406191623/tools/bin/../lib/gcc/arm-none-eabi/12.3.1/../../../../arm-none-eabi/lib/thumb/v7e-m+fp/hard\libc_nano.a
END GROUP
START GROUP
LOAD C:/ST/STM32CubeIDE_1.16.0/STM32CubeIDE/plugins/com.st.stm32cube.ide.mcu.externaltools.gnu-tools-for-stm32.12.3.rel1.win32_1.0.200.202406191623/tools/bin/../lib/gcc/arm-none-eabi/12.3.1/thumb/v7e-m+fp/hard\libgcc.a
LOAD C:/ST/STM32CubeIDE_1.16.0/STM32CubeIDE/plugins/com.st.stm32cube.ide.mcu.externaltools.gnu-tools-for-stm32.12.3.rel1.win32_1.0.200.202406191623/tools/bin/../lib/gcc/arm-none-eabi/12.3.1/../../../../arm-none-eabi/lib/thumb/v7e-m+fp/hard\libc_nano.a
LOAD C:/ST/STM32CubeIDE_1.16.0/STM32CubeIDE/plugins/com.st.stm32cube.ide.mcu.externaltools.gnu-tools-for-stm32.12.3.rel1.win32_1.0.200.202406191623/tools/bin/../lib/gcc/arm-none-eabi/12.3.1/../../../../arm-none-eabi/lib/thumb/v7e-m+fp/hard\libnosys.a
END GROUP
START GROUP
LOAD C:/ST/STM32CubeIDE_1.16.0/STM32CubeIDE/plugins/com.st.stm32cube.ide.mcu.externaltools.gnu-tools-for-stm32.12.3.rel1.win32_1.0.200.202406191623/tools/bin/../lib/gcc/arm-none-eabi/12.3.1/thumb/v7e-m+fp/hard\libgcc.a
LOAD C:/ST/STM32CubeIDE_1.16.0/STM32CubeIDE/plugins/com.st.stm32cube.ide.mcu.externaltools.gnu-tools-for-stm32.12.3.rel1.win32_1.0.200.202406191623/tools/bin/../lib/gcc/arm-none-eabi/12.3.1/../../../../arm-none-eabi/lib/thumb/v7e-m+fp/hard\libc_nano.a
LOAD C:/ST/STM32CubeIDE_1.16.0/STM32CubeIDE/plugins/com.st.stm32cube.ide.mcu.externaltools.gnu-tools-for-stm32.12.3.rel1.win32_1.0.200.202406191623/tools/bin/../lib/gcc/arm-none-eabi/12.3.1/../../../../arm-none-eabi/lib/thumb/v7e-m+fp/hard\libnosys.a
END GROUP
LOAD C:/ST/STM32CubeIDE_1.16.0/STM32CubeIDE/plugins/com.st.stm32cube.ide.mcu.externaltools.gnu-tools-for-stm32.12.3.rel1.win32_1.0.200.202406191623/tools/bin/../lib/gcc/arm-none-eabi/12.3.1/thumb/v7e-m+fp/hard/crtend.o
LOAD C:/ST/STM32CubeIDE_1.16.0/STM32CubeIDE/plugins/com.st.stm32cube.ide.mcu.externaltools.gnu-tools-for-stm32.12.3.rel1.win32_1.0.200.202406191623/tools/bin/../lib/gcc/arm-none-eabi/12.3.1/thumb/v7e-m+fp/hard/crtn.o
                0x20018000                        _estack = (ORIGIN (RAM) + LENGTH (RAM))
                0x00000200                        _Min_Heap_Size = 0x200
                0x00000400                        _Min_Stack_Size = 0x400

.isr_vector     0x08000000      0x188
                0x08000000                        . = ALIGN (0x4)
 *(.isr_vector)
 .isr_vector    0x08000000      0x188 ./Core/Startup/startup_stm32l476rgtx.o
                0x08000000                g_pfnVectors
                0x08000188                        . = ALIGN (0x4)

.text           0x08000190     0xf01c
                0x08000190                        . = ALIGN (0x4)
 *(.text)
 .text          0x08000190       0x40 C:/ST/STM32CubeIDE_1.16.0/STM32CubeIDE/plugins/com.st.stm32cube.ide.mcu.externaltools.gnu-tools-for-stm32.12.3.rel1.win32_1.0.200.202406191623/tools/bin/../lib/gcc/arm-none-eabi/12.3.1/thumb/v7e-m+fp/hard/crtbegin.o
 .text          0x080001d0       0x14 C:/ST/STM32CubeIDE_1.16.0/STM32CubeIDE/plugins/com.st.stm32cube.ide.mcu.externaltools.gnu-tools-for-stm32.12.3.rel1.win32_1.0.200.202406191623/tools/bin/../lib/gcc/arm-none-eabi/12.3.1/../../../../arm-none-eabi/lib/thumb/v7e-m+fp/hard\libc_nano.a(libc_a-strcmp.o)
                0x080001d0                strcmp
 *fill*         0x080001e4        0xc 
 .text          0x080001f0       0xa0 C:/ST/STM32CubeIDE_1.16.0/STM32CubeIDE/plugins/com.st.stm32cube.ide.mcu.externaltools.gnu-tools-for-stm32.12.3.rel1.win32_1.0.200.202406191623/tools/bin/../lib/gcc/arm-none-eabi/12.3.1/../../../../arm-none-eabi/lib/thumb/v7e-m+fp/hard\libc_nano.a(libc_a-memchr.o)
                0x080001f0                memchr
 .text          0x08000290       0x10 C:/ST/STM32CubeIDE_1.16.0/STM32CubeIDE/plugins/com.st.stm32cube.ide.mcu.externaltools.gnu-tools-for-stm32.12.3.rel1.win32_1.0.200.202406191623/tools/bin/../lib/gcc/arm-none-eabi/12.3.1/../../../../arm-none-eabi/lib/thumb/v7e-m+fp/hard\libc_nano.a(libc_a-strlen.o)
                0x08000290                strlen
 .text          0x080002a0      0x378 C:/ST/STM32CubeIDE_1.16.0/STM32CubeIDE/plugins/com.st.stm32cube.ide.mcu.externaltools.gnu-tools-for-stm32.12.3.rel1.win32_1.0.200.202406191623/tools/bin/../lib/gcc/arm-none-eabi/12.3.1/thumb/v7e-m+fp/hard\libgcc.a(_arm_addsubdf3.o)
                0x080002a0                __aeabi_drsub
                0x080002a8                __aeabi_dsub
                0x080002a8                __subdf3
                0x080002ac                __aeabi_dadd
                0x080002ac                __adddf3
                0x08000524                __floatunsidf
                0x08000524                __aeabi_ui2d
                0x08000544                __floatsidf
                0x08000544                __aeabi_i2d
                0x08000568                __aeabi_f2d
                0x08000568                __extendsfdf2
                0x080005ac                __floatundidf
                0x080005ac                __aeabi_ul2d
                0x080005bc                __floatdidf
                0x080005bc                __aeabi_l2d
 .text          0x08000618      0x424 C:/ST/STM32CubeIDE_1.16.0/STM32CubeIDE/plugins/com.st.stm32cube.ide.mcu.externaltools.gnu-tools-for-stm32.12.3.rel1.win32_1.0.200.202406191623/tools/bin/../lib/gcc/arm-none-eabi/12.3.1/thumb/v7e-m+fp/hard\libgcc.a(_arm_muldivdf3.o)
                0x08000618                __aeabi_dmul
                0x08000618                __muldf3
                0x0800086c                __divdf3
                0x0800086c                __aeabi_ddiv
 .text          0x08000a3c      0x110 C:/ST/STM32CubeIDE_1.16.0/STM32CubeIDE/plugins/com.st.stm32cube.ide.mcu.externaltools.gnu-tools-for-stm32.12.3.rel1.win32_1.0.200.202406191623/tools/bin/../lib/gcc/arm-none-eabi/12.3.1/thumb/v7e-m+fp/hard\libgcc.a(_arm_cmpdf2.o)
                0x08000a3c                __gtdf2
                0x08000a3c                __gedf2
                0x08000a44                __ltdf2
                0x08000a44                __ledf2
                0x08000a4c                __nedf2
                0x08000a4c                __eqdf2
                0x08000a4c                __cmpdf2
                0x08000ac8                __aeabi_cdrcmple
                0x08000ad8                __aeabi_cdcmpeq
                0x08000ad8                __aeabi_cdcmple
                0x08000ae8                __aeabi_dcmpeq
                0x08000afc                __aeabi_dcmplt
                0x08000b10                __aeabi_dcmple
                0x08000b24                __aeabi_dcmpge
                0x08000b38                __aeabi_dcmpgt
 .text          0x08000b4c       0x2c C:/ST/STM32CubeIDE_1.16.0/STM32CubeIDE/plugins/com.st.stm32cube.ide.mcu.externaltools.gnu-tools-for-stm32.12.3.rel1.win32_1.0.200.202406191623/tools/bin/../lib/gcc/arm-none-eabi/12.3.1/thumb/v7e-m+fp/hard\libgcc.a(_arm_unorddf2.o)
                0x08000b4c                __unorddf2
                0x08000b4c                __aeabi_dcmpun
 .text          0x08000b78       0x50 C:/ST/STM32CubeIDE_1.16.0/STM32CubeIDE/plugins/com.st.stm32cube.ide.mcu.externaltools.gnu-tools-for-stm32.12.3.rel1.win32_1.0.200.202406191623/tools/bin/../lib/gcc/arm-none-eabi/12.3.1/thumb/v7e-m+fp/hard\libgcc.a(_arm_fixdfsi.o)
                0x08000b78                __aeabi_d2iz
                0x08000b78                __fixdfsi
 .text          0x08000bc8       0x40 C:/ST/STM32CubeIDE_1.16.0/STM32CubeIDE/plugins/com.st.stm32cube.ide.mcu.externaltools.gnu-tools-for-stm32.12.3.rel1.win32_1.0.200.202406191623/tools/bin/../lib/gcc/arm-none-eabi/12.3.1/thumb/v7e-m+fp/hard\libgcc.a(_arm_fixunsdfsi.o)
                0x08000bc8                __aeabi_d2uiz
                0x08000bc8                __fixunsdfsi
 .text          0x08000c08       0x30 C:/ST/STM32CubeIDE_1.16.0/STM32CubeIDE/plugins/com.st.stm32cube.ide.mcu.externaltools.gnu-tools-for-stm32.12.3.rel1.win32_1.0.200.202406191623/tools/bin/../lib/gcc/arm-none-eabi/12.3.1/thumb/v7e-m+fp/hard\libgcc.a(_aeabi_uldivmod.o)
                0x08000c08                __aeabi_uldivmod
 .text          0x08000c38      0x2bc C:/ST/STM32CubeIDE_1.16.0/STM32CubeIDE/plugins/com.st.stm32cube.ide.mcu.externaltools.gnu-tools-for-stm32.12.3.rel1.win32_1.0.200.202406191623/tools/bin/../lib/gcc/arm-none-eabi/12.3.1/thumb/v7e-m+fp/hard\libgcc.a(_udivmoddi4.o)
                0x08000c38                __udivmoddi4
 .text          0x08000ef4        0x4 C:/ST/STM32CubeIDE_1.16.0/STM32CubeIDE/plugins/com.st.stm32cube.ide.mcu.externaltools.gnu-tools-for-stm32.12.3.rel1.win32_1.0.200.202406191623/tools/bin/../lib/gcc/arm-none-eabi/12.3.1/thumb/v7e-m+fp/hard\libgcc.a(_dvmd_tls.o)
                0x08000ef4                __aeabi_idiv0
                0x08000ef4                __aeabi_ldiv0
 *(.text*)
 .text.Initialize_Delay
                0x08000ef8       0x14 ./Core/Src/delay.o
                0x08000ef8                Initialize_Delay
 .text.delay_us
                0x08000f0c       0x48 ./Core/Src/delay.o
                0x08000f0c                delay_us
 .text.delay_ms
                0x08000f54       0x16 ./Core/Src/delay.o
                0x08000f54                delay_ms
 *fill*         0x08000f6a        0x2 
 .text.MX_DMA_Init
                0x08000f6c       0x3c ./Core/Src/dma.o
                0x08000f6c                MX_DMA_Init
 .text.MX_FREERTOS_Init
                0x08000fa8       0x78 ./Core/Src/freertos.o
                0x08000fa8                MX_FREERTOS_Init
 .text.StartDefaultTask
                0x08001020       0x10 ./Core/Src/freertos.o
                0x08001020                StartDefaultTask
 .text.StartADC
                0x08001030       0xdc ./Core/Src/freertos.o
                0x08001030                StartADC
 .text.StartPLL
                0x0800110c       0x10 ./Core/Src/freertos.o
                0x0800110c                StartPLL
 .text.StartATCmds
                0x0800111c       0x6c ./Core/Src/freertos.o
                0x0800111c                StartATCmds
 .text.HAL_UARTEx_RxEventCallback
                0x08001188       0x80 ./Core/Src/freertos.o
                0x08001188                HAL_UARTEx_RxEventCallback
 .text.HAL_SPI_ErrorCallback
                0x08001208       0x28 ./Core/Src/freertos.o
                0x08001208                HAL_SPI_ErrorCallback
 .text.HAL_UART_TxCpltCallback
                0x08001230       0x14 ./Core/Src/freertos.o
                0x08001230                HAL_UART_TxCpltCallback
 .text.HAL_GPIO_EXTI_Callback
                0x08001244       0x2c ./Core/Src/freertos.o
                0x08001244                HAL_GPIO_EXTI_Callback
 .text.MX_GPIO_Init
                0x08001270      0x13c ./Core/Src/gpio.o
                0x08001270                MX_GPIO_Init
 .text.main     0x080013ac       0x3c ./Core/Src/main.o
                0x080013ac                main
 .text.SystemClock_Config
                0x080013e8       0xa2 ./Core/Src/main.o
                0x080013e8                SystemClock_Config
 .text.MX_NVIC_Init
                0x0800148a       0x48 ./Core/Src/main.o
 *fill*         0x080014d2        0x2 
 .text.HAL_TIM_PeriodElapsedCallback
                0x080014d4       0x24 ./Core/Src/main.o
                0x080014d4                HAL_TIM_PeriodElapsedCallback
 .text.Error_Handler
                0x080014f8        0xc ./Core/Src/main.o
                0x080014f8                Error_Handler
 .text.ParserTakeLine
                0x08001504       0x4c ./Core/Src/parser.o
                0x08001504                ParserTakeLine
 .text.ParserParse
                0x08001550      0x134 ./Core/Src/parser.o
                0x08001550                ParserParse
 .text.WriteToBuffer
                0x08001684       0x80 ./Core/Src/ring_buffer.o
                0x08001684                WriteToBuffer
 .text.ReadFromBuffer
                0x08001704       0x50 ./Core/Src/ring_buffer.o
                0x08001704                ReadFromBuffer
 .text.FlushBuffer
                0x08001754       0x20 ./Core/Src/ring_buffer.o
                0x08001754                FlushBuffer
 .text.MX_SPI3_Init
                0x08001774       0x7c ./Core/Src/spi.o
                0x08001774                MX_SPI3_Init
 .text.HAL_SPI_MspInit
                0x080017f0      0x198 ./Core/Src/spi.o
                0x080017f0                HAL_SPI_MspInit
 .text.HAL_SPI_MspDeInit
                0x08001988       0x80 ./Core/Src/spi.o
                0x08001988                HAL_SPI_MspDeInit
 .text.HAL_MspInit
                0x08001a08       0x50 ./Core/Src/stm32l4xx_hal_msp.o
                0x08001a08                HAL_MspInit
 .text.HAL_InitTick
                0x08001a58       0xf4 ./Core/Src/stm32l4xx_hal_timebase_tim.o
                0x08001a58                HAL_InitTick
 .text.NMI_Handler
                0x08001b4c        0x8 ./Core/Src/stm32l4xx_it.o
                0x08001b4c                NMI_Handler
 .text.HardFault_Handler
                0x08001b54        0x8 ./Core/Src/stm32l4xx_it.o
                0x08001b54                HardFault_Handler
 .text.MemManage_Handler
                0x08001b5c        0x8 ./Core/Src/stm32l4xx_it.o
                0x08001b5c                MemManage_Handler
 .text.BusFault_Handler
                0x08001b64        0x8 ./Core/Src/stm32l4xx_it.o
                0x08001b64                BusFault_Handler
 .text.UsageFault_Handler
                0x08001b6c        0x8 ./Core/Src/stm32l4xx_it.o
                0x08001b6c                UsageFault_Handler
 .text.DebugMon_Handler
                0x08001b74        0xe ./Core/Src/stm32l4xx_it.o
                0x08001b74                DebugMon_Handler
 *fill*         0x08001b82        0x2 
 .text.DMA1_Channel6_IRQHandler
                0x08001b84       0x14 ./Core/Src/stm32l4xx_it.o
                0x08001b84                DMA1_Channel6_IRQHandler
 .text.DMA1_Channel7_IRQHandler
                0x08001b98       0x14 ./Core/Src/stm32l4xx_it.o
                0x08001b98                DMA1_Channel7_IRQHandler
 .text.EXTI9_5_IRQHandler
                0x08001bac       0x10 ./Core/Src/stm32l4xx_it.o
                0x08001bac                EXTI9_5_IRQHandler
 .text.SPI2_IRQHandler
                0x08001bbc       0x14 ./Core/Src/stm32l4xx_it.o
                0x08001bbc                SPI2_IRQHandler
 .text.USART2_IRQHandler
                0x08001bd0       0x14 ./Core/Src/stm32l4xx_it.o
                0x08001bd0                USART2_IRQHandler
 .text.TIM5_IRQHandler
                0x08001be4       0x14 ./Core/Src/stm32l4xx_it.o
                0x08001be4                TIM5_IRQHandler
 .text._getpid  0x08001bf8       0x10 ./Core/Src/syscalls.o
                0x08001bf8                _getpid
 .text._kill    0x08001c08       0x20 ./Core/Src/syscalls.o
                0x08001c08                _kill
 .text._exit    0x08001c28       0x16 ./Core/Src/syscalls.o
                0x08001c28                _exit
 .text._read    0x08001c3e       0x3a ./Core/Src/syscalls.o
                0x08001c3e                _read
 .text._write   0x08001c78       0x38 ./Core/Src/syscalls.o
                0x08001c78                _write
 .text._close   0x08001cb0       0x18 ./Core/Src/syscalls.o
                0x08001cb0                _close
 .text._fstat   0x08001cc8       0x20 ./Core/Src/syscalls.o
                0x08001cc8                _fstat
 .text._isatty  0x08001ce8       0x16 ./Core/Src/syscalls.o
                0x08001ce8                _isatty
 .text._lseek   0x08001cfe       0x1a ./Core/Src/syscalls.o
                0x08001cfe                _lseek
 .text._sbrk    0x08001d18       0x6c ./Core/Src/sysmem.o
                0x08001d18                _sbrk
 .text.SystemInit
                0x08001d84       0x24 ./Core/Src/system_stm32l4xx.o
                0x08001d84                SystemInit
 .text.MX_TIM2_Init
                0x08001da8       0xe8 ./Core/Src/tim.o
                0x08001da8                MX_TIM2_Init
 .text.MX_TIM6_Init
                0x08001e90       0x6c ./Core/Src/tim.o
                0x08001e90                MX_TIM6_Init
 .text.HAL_TIM_Base_MspInit
                0x08001efc       0x64 ./Core/Src/tim.o
                0x08001efc                HAL_TIM_Base_MspInit
 .text.MX_USART2_UART_Init
                0x08001f60       0x60 ./Core/Src/usart.o
                0x08001f60                MX_USART2_UART_Init
 .text.HAL_UART_MspInit
                0x08001fc0      0x170 ./Core/Src/usart.o
                0x08001fc0                HAL_UART_MspInit
 .text.UARTLog  0x08002130       0x2c ./Core/Src/utils.o
                0x08002130                UARTLog
 .text.LightLED
                0x0800215c       0x48 ./Core/Src/utils.o
                0x0800215c                LightLED
 .text.ReadADC  0x080021a4       0x6c ./Core/Src/utils.o
                0x080021a4                ReadADC
 .text.Reset_Handler
                0x08002210       0x50 ./Core/Startup/startup_stm32l476rgtx.o
                0x08002210                Reset_Handler
 .text.Default_Handler
                0x08002260        0x2 ./Core/Startup/startup_stm32l476rgtx.o
                0x08002260                RTC_Alarm_IRQHandler
                0x08002260                EXTI2_IRQHandler
                0x08002260                TIM8_TRG_COM_IRQHandler
                0x08002260                TIM8_CC_IRQHandler
                0x08002260                TIM1_CC_IRQHandler
                0x08002260                TSC_IRQHandler
                0x08002260                TAMP_STAMP_IRQHandler
                0x08002260                EXTI3_IRQHandler
                0x08002260                LPTIM2_IRQHandler
                0x08002260                DFSDM1_FLT1_IRQHandler
                0x08002260                I2C3_ER_IRQHandler
                0x08002260                DFSDM1_FLT2_IRQHandler
                0x08002260                EXTI0_IRQHandler
                0x08002260                I2C2_EV_IRQHandler
                0x08002260                CAN1_RX0_IRQHandler
                0x08002260                FPU_IRQHandler
                0x08002260                TIM1_UP_TIM16_IRQHandler
                0x08002260                ADC1_2_IRQHandler
                0x08002260                SPI1_IRQHandler
                0x08002260                TIM6_DAC_IRQHandler
                0x08002260                TIM8_UP_IRQHandler
                0x08002260                DMA2_Channel2_IRQHandler
                0x08002260                SAI2_IRQHandler
                0x08002260                DFSDM1_FLT3_IRQHandler
                0x08002260                USART3_IRQHandler
                0x08002260                CAN1_RX1_IRQHandler
                0x08002260                LCD_IRQHandler
                0x08002260                UART5_IRQHandler
                0x08002260                ADC3_IRQHandler
                0x08002260                TIM4_IRQHandler
                0x08002260                DMA2_Channel1_IRQHandler
                0x08002260                QUADSPI_IRQHandler
                0x08002260                I2C1_EV_IRQHandler
                0x08002260                UART4_IRQHandler
                0x08002260                DMA2_Channel4_IRQHandler
                0x08002260                TIM3_IRQHandler
                0x08002260                RCC_IRQHandler
                0x08002260                DMA1_Channel1_IRQHandler
                0x08002260                Default_Handler
                0x08002260                DMA2_Channel7_IRQHandler
                0x08002260                EXTI15_10_IRQHandler
                0x08002260                TIM7_IRQHandler
                0x08002260                SDMMC1_IRQHandler
                0x08002260                I2C3_EV_IRQHandler
                0x08002260                RTC_WKUP_IRQHandler
                0x08002260                PVD_PVM_IRQHandler
                0x08002260                CAN1_TX_IRQHandler
                0x08002260                DMA2_Channel5_IRQHandler
                0x08002260                DMA1_Channel5_IRQHandler
                0x08002260                EXTI4_IRQHandler
                0x08002260                RNG_IRQHandler
                0x08002260                TIM1_TRG_COM_TIM17_IRQHandler
                0x08002260                DMA1_Channel3_IRQHandler
                0x08002260                COMP_IRQHandler
                0x08002260                WWDG_IRQHandler
                0x08002260                LPUART1_IRQHandler
                0x08002260                DMA2_Channel6_IRQHandler
                0x08002260                TIM2_IRQHandler
                0x08002260                EXTI1_IRQHandler
                0x08002260                DFSDM1_FLT0_IRQHandler
                0x08002260                I2C2_ER_IRQHandler
                0x08002260                DMA1_Channel2_IRQHandler
                0x08002260                TIM8_BRK_IRQHandler
                0x08002260                CAN1_SCE_IRQHandler
                0x08002260                FLASH_IRQHandler
                0x08002260                USART1_IRQHandler
                0x08002260                OTG_FS_IRQHandler
                0x08002260                SPI3_IRQHandler
                0x08002260                I2C1_ER_IRQHandler
                0x08002260                FMC_IRQHandler
                0x08002260                SWPMI1_IRQHandler
                0x08002260                LPTIM1_IRQHandler
                0x08002260                SAI1_IRQHandler
                0x08002260                DMA2_Channel3_IRQHandler
                0x08002260                TIM1_BRK_TIM15_IRQHandler
 *fill*         0x08002262        0x2 
 .text.ad7676_spi_configuration
                0x08002264       0x74 ./Drivers/AD7676/Src/ad7676.o
 .text.ad7676_dma_configuration
                0x080022d8       0x50 ./Drivers/AD7676/Src/ad7676.o
 .text.ad7676_init
                0x08002328       0x54 ./Drivers/AD7676/Src/ad7676.o
                0x08002328                ad7676_init
 .text.ad7676_calculate_output
                0x0800237c       0x2e ./Drivers/AD7676/Src/ad7676.o
                0x0800237c                ad7676_calculate_output
 *fill*         0x080023aa        0x2 
 .text.ad7676_dma_enable_stream
                0x080023ac       0x34 ./Drivers/AD7676/Src/ad7676.o
 .text.DMA1_Channel4_IRQHandler
                0x080023e0       0x48 ./Drivers/AD7676/Src/ad7676.o
                0x080023e0                DMA1_Channel4_IRQHandler
 .text.ad7676_spi_read_raw
                0x08002428       0x74 ./Drivers/AD7676/Src/ad7676.o
                0x08002428                ad7676_spi_read_raw
 .text.ad7676_read_one_sample
                0x0800249c       0x58 ./Drivers/AD7676/Src/ad7676.o
                0x0800249c                ad7676_read_one_sample
 .text.ad7676_read_samples
                0x080024f4       0x2c ./Drivers/AD7676/Src/ad7676.o
                0x080024f4                ad7676_read_samples
 .text.ad7676_display_samples
                0x08002520      0x21c ./Drivers/AD7676/Src/ad7676.o
                0x08002520                ad7676_display_samples
 .text.ad7676_start_conversion
                0x0800273c       0x40 ./Drivers/AD7676/Src/ad7676.o
                0x0800273c                ad7676_start_conversion
 .text.adf5355_write
                0x0800277c       0x70 ./Drivers/ADF5355/Src/adf5355.o
 .text.adf5355_pll_fract_n_compute
                0x080027ec       0xcc ./Drivers/ADF5355/Src/adf5355.o
 .text.adf5355_calc_reg0_to_2
                0x080028b8      0x128 ./Drivers/ADF5355/Src/adf5355.o
 .text.adf5355_calc_pfd
                0x080029e0      0x11c ./Drivers/ADF5355/Src/adf5355.o
 .text.adf5355_reg_config
                0x08002afc      0x238 ./Drivers/ADF5355/Src/adf5355.o
 .text.adf5355_change_freq
                0x08002d34       0x50 ./Drivers/ADF5355/Src/adf5355.o
                0x08002d34                adf5355_change_freq
 .text.adf5355_set_power
                0x08002d84       0xc4 ./Drivers/ADF5355/Src/adf5355.o
                0x08002d84                adf5355_set_power
 .text.adf5355_set_muxout
                0x08002e48       0x3a ./Drivers/ADF5355/Src/adf5355.o
                0x08002e48                adf5355_set_muxout
 *fill*         0x08002e82        0x2 
 .text.adf5355_set_freq
                0x08002e84      0x298 ./Drivers/ADF5355/Src/adf5355.o
 .text.adf5355_setup
                0x0800311c      0x1e4 ./Drivers/ADF5355/Src/adf5355.o
 .text.adf5355_init
                0x08003300      0x240 ./Drivers/ADF5355/Src/adf5355.o
                0x08003300                adf5355_init
 .text.ADF5355_SetFrequencyOut
                0x08003540       0x50 ./Drivers/ADF5355/Src/adf5355_api.o
                0x08003540                ADF5355_SetFrequencyOut
 .text.ADF5355_SetFrequencyIn
                0x08003590       0x4c ./Drivers/ADF5355/Src/adf5355_api.o
                0x08003590                ADF5355_SetFrequencyIn
 .text.ADF5355_SetPower
                0x080035dc       0x50 ./Drivers/ADF5355/Src/adf5355_api.o
                0x080035dc                ADF5355_SetPower
 .text.ADF5355_SetCurrent
                0x0800362c       0x50 ./Drivers/ADF5355/Src/adf5355_api.o
                0x0800362c                ADF5355_SetCurrent
 .text.ADF5355_SetMuxOut
                0x0800367c       0x5c ./Drivers/ADF5355/Src/adf5355_api.o
                0x0800367c                ADF5355_SetMuxOut
 .text.ADF5355_Enable
                0x080036d8       0x78 ./Drivers/ADF5355/Src/adf5355_api.o
                0x080036d8                ADF5355_Enable
 .text.ADF5355_Param_Init
                0x08003750      0x164 ./Drivers/ADF5355/Src/adf5355_api.o
                0x08003750                ADF5355_Param_Init
 .text.ADF5355_Load
                0x080038b4       0x38 ./Drivers/ADF5355/Src/adf5355_api.o
                0x080038b4                ADF5355_Load
 .text.ADF5355_Run
                0x080038ec       0x3c ./Drivers/ADF5355/Src/adf5355_api.o
                0x080038ec                ADF5355_Run
 .text.no_os_calloc
                0x08003928       0x1c ./Drivers/No_OS/Src/no_os_alloc.o
                0x08003928                no_os_calloc
 .text.no_os_greatest_common_divisor
                0x08003944       0x50 ./Drivers/No_OS/Src/no_os_util.o
                0x08003944                no_os_greatest_common_divisor
 .text.no_os_do_div
                0x08003994       0x50 ./Drivers/No_OS/Src/no_os_util.o
                0x08003994                no_os_do_div
 .text.HAL_Init
                0x080039e4       0x40 ./Drivers/STM32L4xx_HAL_Driver/Src/stm32l4xx_hal.o
                0x080039e4                HAL_Init
 .text.HAL_IncTick
                0x08003a24       0x28 ./Drivers/STM32L4xx_HAL_Driver/Src/stm32l4xx_hal.o
                0x08003a24                HAL_IncTick
 .text.HAL_GetTick
                0x08003a4c       0x18 ./Drivers/STM32L4xx_HAL_Driver/Src/stm32l4xx_hal.o
                0x08003a4c                HAL_GetTick
 .text.HAL_Delay
                0x08003a64       0x48 ./Drivers/STM32L4xx_HAL_Driver/Src/stm32l4xx_hal.o
                0x08003a64                HAL_Delay
 .text.__NVIC_SetPriorityGrouping
                0x08003aac       0x48 ./Drivers/STM32L4xx_HAL_Driver/Src/stm32l4xx_hal_cortex.o
 .text.__NVIC_GetPriorityGrouping
                0x08003af4       0x1c ./Drivers/STM32L4xx_HAL_Driver/Src/stm32l4xx_hal_cortex.o
 .text.__NVIC_EnableIRQ
                0x08003b10       0x3c ./Drivers/STM32L4xx_HAL_Driver/Src/stm32l4xx_hal_cortex.o
 .text.__NVIC_DisableIRQ
                0x08003b4c       0x48 ./Drivers/STM32L4xx_HAL_Driver/Src/stm32l4xx_hal_cortex.o
 .text.__NVIC_SetPriority
                0x08003b94       0x54 ./Drivers/STM32L4xx_HAL_Driver/Src/stm32l4xx_hal_cortex.o
 .text.NVIC_EncodePriority
                0x08003be8       0x66 ./Drivers/STM32L4xx_HAL_Driver/Src/stm32l4xx_hal_cortex.o
 .text.HAL_NVIC_SetPriorityGrouping
                0x08003c4e       0x16 ./Drivers/STM32L4xx_HAL_Driver/Src/stm32l4xx_hal_cortex.o
                0x08003c4e                HAL_NVIC_SetPriorityGrouping
 .text.HAL_NVIC_SetPriority
                0x08003c64       0x38 ./Drivers/STM32L4xx_HAL_Driver/Src/stm32l4xx_hal_cortex.o
                0x08003c64                HAL_NVIC_SetPriority
 .text.HAL_NVIC_EnableIRQ
                0x08003c9c       0x1c ./Drivers/STM32L4xx_HAL_Driver/Src/stm32l4xx_hal_cortex.o
                0x08003c9c                HAL_NVIC_EnableIRQ
 .text.HAL_NVIC_DisableIRQ
                0x08003cb8       0x1c ./Drivers/STM32L4xx_HAL_Driver/Src/stm32l4xx_hal_cortex.o
                0x08003cb8                HAL_NVIC_DisableIRQ
 .text.HAL_DMA_Init
                0x08003cd4      0x170 ./Drivers/STM32L4xx_HAL_Driver/Src/stm32l4xx_hal_dma.o
                0x08003cd4                HAL_DMA_Init
 .text.HAL_DMA_DeInit
                0x08003e44      0x124 ./Drivers/STM32L4xx_HAL_Driver/Src/stm32l4xx_hal_dma.o
                0x08003e44                HAL_DMA_DeInit
 .text.HAL_DMA_Start_IT
                0x08003f68       0xc0 ./Drivers/STM32L4xx_HAL_Driver/Src/stm32l4xx_hal_dma.o
                0x08003f68                HAL_DMA_Start_IT
 .text.HAL_DMA_Abort
                0x08004028       0x7c ./Drivers/STM32L4xx_HAL_Driver/Src/stm32l4xx_hal_dma.o
                0x08004028                HAL_DMA_Abort
 .text.HAL_DMA_Abort_IT
                0x080040a4       0x82 ./Drivers/STM32L4xx_HAL_Driver/Src/stm32l4xx_hal_dma.o
                0x080040a4                HAL_DMA_Abort_IT
 .text.HAL_DMA_IRQHandler
                0x08004126      0x15e ./Drivers/STM32L4xx_HAL_Driver/Src/stm32l4xx_hal_dma.o
                0x08004126                HAL_DMA_IRQHandler
 .text.DMA_SetConfig
                0x08004284       0x60 ./Drivers/STM32L4xx_HAL_Driver/Src/stm32l4xx_hal_dma.o
 .text.HAL_GPIO_Init
                0x080042e4      0x354 ./Drivers/STM32L4xx_HAL_Driver/Src/stm32l4xx_hal_gpio.o
                0x080042e4                HAL_GPIO_Init
 .text.HAL_GPIO_DeInit
                0x08004638      0x1e8 ./Drivers/STM32L4xx_HAL_Driver/Src/stm32l4xx_hal_gpio.o
                0x08004638                HAL_GPIO_DeInit
 .text.HAL_GPIO_WritePin
                0x08004820       0x30 ./Drivers/STM32L4xx_HAL_Driver/Src/stm32l4xx_hal_gpio.o
                0x08004820                HAL_GPIO_WritePin
 .text.HAL_GPIO_EXTI_IRQHandler
                0x08004850       0x30 ./Drivers/STM32L4xx_HAL_Driver/Src/stm32l4xx_hal_gpio.o
                0x08004850                HAL_GPIO_EXTI_IRQHandler
 .text.HAL_PWREx_GetVoltageRange
                0x08004880       0x1c ./Drivers/STM32L4xx_HAL_Driver/Src/stm32l4xx_hal_pwr_ex.o
                0x08004880                HAL_PWREx_GetVoltageRange
 .text.HAL_PWREx_ControlVoltageScaling
                0x0800489c       0xac ./Drivers/STM32L4xx_HAL_Driver/Src/stm32l4xx_hal_pwr_ex.o
                0x0800489c                HAL_PWREx_ControlVoltageScaling
 .text.HAL_RCC_OscConfig
                0x08004948      0x7b8 ./Drivers/STM32L4xx_HAL_Driver/Src/stm32l4xx_hal_rcc.o
                0x08004948                HAL_RCC_OscConfig
 .text.HAL_RCC_ClockConfig
                0x08005100      0x200 ./Drivers/STM32L4xx_HAL_Driver/Src/stm32l4xx_hal_rcc.o
                0x08005100                HAL_RCC_ClockConfig
 .text.HAL_RCC_GetSysClockFreq
                0x08005300      0x118 ./Drivers/STM32L4xx_HAL_Driver/Src/stm32l4xx_hal_rcc.o
                0x08005300                HAL_RCC_GetSysClockFreq
 .text.HAL_RCC_GetHCLKFreq
                0x08005418       0x18 ./Drivers/STM32L4xx_HAL_Driver/Src/stm32l4xx_hal_rcc.o
                0x08005418                HAL_RCC_GetHCLKFreq
 .text.HAL_RCC_GetPCLK1Freq
                0x08005430       0x2c ./Drivers/STM32L4xx_HAL_Driver/Src/stm32l4xx_hal_rcc.o
                0x08005430                HAL_RCC_GetPCLK1Freq
 .text.HAL_RCC_GetPCLK2Freq
                0x0800545c       0x2c ./Drivers/STM32L4xx_HAL_Driver/Src/stm32l4xx_hal_rcc.o
                0x0800545c                HAL_RCC_GetPCLK2Freq
 .text.HAL_RCC_GetClockConfig
                0x08005488       0x64 ./Drivers/STM32L4xx_HAL_Driver/Src/stm32l4xx_hal_rcc.o
                0x08005488                HAL_RCC_GetClockConfig
 .text.RCC_SetFlashLatencyFromMSIRange
                0x080054ec       0xc0 ./Drivers/STM32L4xx_HAL_Driver/Src/stm32l4xx_hal_rcc.o
 .text.HAL_RCCEx_PeriphCLKConfig
                0x080055ac      0x5d4 ./Drivers/STM32L4xx_HAL_Driver/Src/stm32l4xx_hal_rcc_ex.o
                0x080055ac                HAL_RCCEx_PeriphCLKConfig
 .text.RCCEx_PLLSAI1_Config
                0x08005b80      0x1e8 ./Drivers/STM32L4xx_HAL_Driver/Src/stm32l4xx_hal_rcc_ex.o
 .text.RCCEx_PLLSAI2_Config
                0x08005d68      0x1bc ./Drivers/STM32L4xx_HAL_Driver/Src/stm32l4xx_hal_rcc_ex.o
 .text.HAL_SPI_Init
                0x08005f24      0x146 ./Drivers/STM32L4xx_HAL_Driver/Src/stm32l4xx_hal_spi.o
                0x08005f24                HAL_SPI_Init
 .text.HAL_SPI_DeInit
                0x0800606a       0x50 ./Drivers/STM32L4xx_HAL_Driver/Src/stm32l4xx_hal_spi.o
                0x0800606a                HAL_SPI_DeInit
 .text.HAL_SPI_Transmit
                0x080060ba      0x2ec ./Drivers/STM32L4xx_HAL_Driver/Src/stm32l4xx_hal_spi.o
                0x080060ba                HAL_SPI_Transmit
 *fill*         0x080063a6        0x2 
 .text.HAL_SPI_IRQHandler
                0x080063a8      0x1e8 ./Drivers/STM32L4xx_HAL_Driver/Src/stm32l4xx_hal_spi.o
                0x080063a8                HAL_SPI_IRQHandler
 .text.SPI_DMAAbortOnError
                0x08006590       0x2a ./Drivers/STM32L4xx_HAL_Driver/Src/stm32l4xx_hal_spi.o
 *fill*         0x080065ba        0x2 
 .text.SPI_WaitFlagStateUntilTimeout
                0x080065bc      0x110 ./Drivers/STM32L4xx_HAL_Driver/Src/stm32l4xx_hal_spi.o
 .text.SPI_WaitFifoStateUntilTimeout
                0x080066cc      0x12c ./Drivers/STM32L4xx_HAL_Driver/Src/stm32l4xx_hal_spi.o
 .text.SPI_EndRxTxTransaction
                0x080067f8       0x8c ./Drivers/STM32L4xx_HAL_Driver/Src/stm32l4xx_hal_spi.o
 .text.HAL_TIM_Base_Init
                0x08006884       0xae ./Drivers/STM32L4xx_HAL_Driver/Src/stm32l4xx_hal_tim.o
                0x08006884                HAL_TIM_Base_Init
 *fill*         0x08006932        0x2 
 .text.HAL_TIM_Base_Start
                0x08006934       0xd0 ./Drivers/STM32L4xx_HAL_Driver/Src/stm32l4xx_hal_tim.o
                0x08006934                HAL_TIM_Base_Start
 .text.HAL_TIM_Base_Start_IT
                0x08006a04       0xe0 ./Drivers/STM32L4xx_HAL_Driver/Src/stm32l4xx_hal_tim.o
                0x08006a04                HAL_TIM_Base_Start_IT
 .text.HAL_TIM_OC_Init
                0x08006ae4       0xae ./Drivers/STM32L4xx_HAL_Driver/Src/stm32l4xx_hal_tim.o
                0x08006ae4                HAL_TIM_OC_Init
 .text.HAL_TIM_OC_MspInit
                0x08006b92       0x14 ./Drivers/STM32L4xx_HAL_Driver/Src/stm32l4xx_hal_tim.o
                0x08006b92                HAL_TIM_OC_MspInit
 .text.HAL_TIM_IRQHandler
                0x08006ba6      0x20e ./Drivers/STM32L4xx_HAL_Driver/Src/stm32l4xx_hal_tim.o
                0x08006ba6                HAL_TIM_IRQHandler
 .text.HAL_TIM_OC_ConfigChannel
                0x08006db4       0xf4 ./Drivers/STM32L4xx_HAL_Driver/Src/stm32l4xx_hal_tim.o
                0x08006db4                HAL_TIM_OC_ConfigChannel
 .text.HAL_TIM_ConfigClockSource
                0x08006ea8      0x192 ./Drivers/STM32L4xx_HAL_Driver/Src/stm32l4xx_hal_tim.o
                0x08006ea8                HAL_TIM_ConfigClockSource
 .text.HAL_TIM_OC_DelayElapsedCallback
                0x0800703a       0x14 ./Drivers/STM32L4xx_HAL_Driver/Src/stm32l4xx_hal_tim.o
                0x0800703a                HAL_TIM_OC_DelayElapsedCallback
 .text.HAL_TIM_IC_CaptureCallback
                0x0800704e       0x14 ./Drivers/STM32L4xx_HAL_Driver/Src/stm32l4xx_hal_tim.o
                0x0800704e                HAL_TIM_IC_CaptureCallback
 .text.HAL_TIM_PWM_PulseFinishedCallback
                0x08007062       0x14 ./Drivers/STM32L4xx_HAL_Driver/Src/stm32l4xx_hal_tim.o
                0x08007062                HAL_TIM_PWM_PulseFinishedCallback
 .text.HAL_TIM_TriggerCallback
                0x08007076       0x14 ./Drivers/STM32L4xx_HAL_Driver/Src/stm32l4xx_hal_tim.o
                0x08007076                HAL_TIM_TriggerCallback
 *fill*         0x0800708a        0x2 
 .text.TIM_Base_SetConfig
                0x0800708c      0x14c ./Drivers/STM32L4xx_HAL_Driver/Src/stm32l4xx_hal_tim.o
                0x0800708c                TIM_Base_SetConfig
 .text.TIM_OC1_SetConfig
                0x080071d8      0x120 ./Drivers/STM32L4xx_HAL_Driver/Src/stm32l4xx_hal_tim.o
 .text.TIM_OC2_SetConfig
                0x080072f8      0x114 ./Drivers/STM32L4xx_HAL_Driver/Src/stm32l4xx_hal_tim.o
                0x080072f8                TIM_OC2_SetConfig
 .text.TIM_OC3_SetConfig
                0x0800740c      0x110 ./Drivers/STM32L4xx_HAL_Driver/Src/stm32l4xx_hal_tim.o
 .text.TIM_OC4_SetConfig
                0x0800751c       0xd4 ./Drivers/STM32L4xx_HAL_Driver/Src/stm32l4xx_hal_tim.o
 .text.TIM_OC5_SetConfig
                0x080075f0       0xc8 ./Drivers/STM32L4xx_HAL_Driver/Src/stm32l4xx_hal_tim.o
 .text.TIM_OC6_SetConfig
                0x080076b8       0xcc ./Drivers/STM32L4xx_HAL_Driver/Src/stm32l4xx_hal_tim.o
 .text.TIM_TI1_ConfigInputStage
                0x08007784       0x5e ./Drivers/STM32L4xx_HAL_Driver/Src/stm32l4xx_hal_tim.o
 .text.TIM_TI2_ConfigInputStage
                0x080077e2       0x60 ./Drivers/STM32L4xx_HAL_Driver/Src/stm32l4xx_hal_tim.o
 .text.TIM_ITRx_SetConfig
                0x08007842       0x36 ./Drivers/STM32L4xx_HAL_Driver/Src/stm32l4xx_hal_tim.o
 .text.TIM_ETR_SetConfig
                0x08007878       0x40 ./Drivers/STM32L4xx_HAL_Driver/Src/stm32l4xx_hal_tim.o
                0x08007878                TIM_ETR_SetConfig
 .text.HAL_TIMEx_MasterConfigSynchronization
                0x080078b8      0x110 ./Drivers/STM32L4xx_HAL_Driver/Src/stm32l4xx_hal_tim_ex.o
                0x080078b8                HAL_TIMEx_MasterConfigSynchronization
 .text.HAL_TIMEx_CommutCallback
                0x080079c8       0x14 ./Drivers/STM32L4xx_HAL_Driver/Src/stm32l4xx_hal_tim_ex.o
                0x080079c8                HAL_TIMEx_CommutCallback
 .text.HAL_TIMEx_BreakCallback
                0x080079dc       0x14 ./Drivers/STM32L4xx_HAL_Driver/Src/stm32l4xx_hal_tim_ex.o
                0x080079dc                HAL_TIMEx_BreakCallback
 .text.HAL_TIMEx_Break2Callback
                0x080079f0       0x14 ./Drivers/STM32L4xx_HAL_Driver/Src/stm32l4xx_hal_tim_ex.o
                0x080079f0                HAL_TIMEx_Break2Callback
 .text.HAL_UART_Init
                0x08007a04       0x9c ./Drivers/STM32L4xx_HAL_Driver/Src/stm32l4xx_hal_uart.o
                0x08007a04                HAL_UART_Init
 .text.HAL_UART_Transmit
                0x08007aa0      0x112 ./Drivers/STM32L4xx_HAL_Driver/Src/stm32l4xx_hal_uart.o
                0x08007aa0                HAL_UART_Transmit
 *fill*         0x08007bb2        0x2 
 .text.HAL_UART_IRQHandler
                0x08007bb4      0x60c ./Drivers/STM32L4xx_HAL_Driver/Src/stm32l4xx_hal_uart.o
                0x08007bb4                HAL_UART_IRQHandler
 .text.HAL_UART_RxCpltCallback
                0x080081c0       0x14 ./Drivers/STM32L4xx_HAL_Driver/Src/stm32l4xx_hal_uart.o
                0x080081c0                HAL_UART_RxCpltCallback
 .text.HAL_UART_RxHalfCpltCallback
                0x080081d4       0x14 ./Drivers/STM32L4xx_HAL_Driver/Src/stm32l4xx_hal_uart.o
                0x080081d4                HAL_UART_RxHalfCpltCallback
 .text.HAL_UART_ErrorCallback
                0x080081e8       0x14 ./Drivers/STM32L4xx_HAL_Driver/Src/stm32l4xx_hal_uart.o
                0x080081e8                HAL_UART_ErrorCallback
 .text.UART_SetConfig
                0x080081fc      0x570 ./Drivers/STM32L4xx_HAL_Driver/Src/stm32l4xx_hal_uart.o
                0x080081fc                UART_SetConfig
 .text.UART_AdvFeatureConfig
                0x0800876c      0x144 ./Drivers/STM32L4xx_HAL_Driver/Src/stm32l4xx_hal_uart.o
                0x0800876c                UART_AdvFeatureConfig
 .text.UART_CheckIdleState
                0x080088b0      0x150 ./Drivers/STM32L4xx_HAL_Driver/Src/stm32l4xx_hal_uart.o
                0x080088b0                UART_CheckIdleState
 .text.UART_WaitOnFlagUntilTimeout
                0x08008a00       0xda ./Drivers/STM32L4xx_HAL_Driver/Src/stm32l4xx_hal_uart.o
                0x08008a00                UART_WaitOnFlagUntilTimeout
 *fill*         0x08008ada        0x2 
 .text.UART_Start_Receive_DMA
                0x08008adc      0x140 ./Drivers/STM32L4xx_HAL_Driver/Src/stm32l4xx_hal_uart.o
                0x08008adc                UART_Start_Receive_DMA
 .text.UART_EndTxTransfer
                0x08008c1c       0x4c ./Drivers/STM32L4xx_HAL_Driver/Src/stm32l4xx_hal_uart.o
 .text.UART_EndRxTransfer
                0x08008c68       0xc8 ./Drivers/STM32L4xx_HAL_Driver/Src/stm32l4xx_hal_uart.o
 .text.UART_DMAReceiveCplt
                0x08008d30      0x12c ./Drivers/STM32L4xx_HAL_Driver/Src/stm32l4xx_hal_uart.o
 .text.UART_DMARxHalfCplt
                0x08008e5c       0x3e ./Drivers/STM32L4xx_HAL_Driver/Src/stm32l4xx_hal_uart.o
 .text.UART_DMAError
                0x08008e9a       0x7e ./Drivers/STM32L4xx_HAL_Driver/Src/stm32l4xx_hal_uart.o
 .text.UART_DMAAbortOnError
                0x08008f18       0x2c ./Drivers/STM32L4xx_HAL_Driver/Src/stm32l4xx_hal_uart.o
 .text.UART_EndTransmit_IT
                0x08008f44       0x54 ./Drivers/STM32L4xx_HAL_Driver/Src/stm32l4xx_hal_uart.o
 .text.HAL_UARTEx_WakeupCallback
                0x08008f98       0x14 ./Drivers/STM32L4xx_HAL_Driver/Src/stm32l4xx_hal_uart_ex.o
                0x08008f98                HAL_UARTEx_WakeupCallback
 .text.HAL_UARTEx_ReceiveToIdle_DMA
                0x08008fac       0xa8 ./Drivers/STM32L4xx_HAL_Driver/Src/stm32l4xx_hal_uart_ex.o
                0x08008fac                HAL_UARTEx_ReceiveToIdle_DMA
 .text.__NVIC_SetPriority
                0x08009054       0x54 ./Middlewares/Third_Party/FreeRTOS/Source/CMSIS_RTOS_V2/cmsis_os2.o
 .text.SysTick_Handler
                0x080090a8       0x20 ./Middlewares/Third_Party/FreeRTOS/Source/CMSIS_RTOS_V2/cmsis_os2.o
                0x080090a8                SysTick_Handler
 .text.SVC_Setup
                0x080090c8       0x12 ./Middlewares/Third_Party/FreeRTOS/Source/CMSIS_RTOS_V2/cmsis_os2.o
 *fill*         0x080090da        0x2 
 .text.osKernelInitialize
                0x080090dc       0x48 ./Middlewares/Third_Party/FreeRTOS/Source/CMSIS_RTOS_V2/cmsis_os2.o
                0x080090dc                osKernelInitialize
 .text.osKernelStart
                0x08009124       0x4c ./Middlewares/Third_Party/FreeRTOS/Source/CMSIS_RTOS_V2/cmsis_os2.o
                0x08009124                osKernelStart
 .text.osThreadNew
                0x08009170      0x124 ./Middlewares/Third_Party/FreeRTOS/Source/CMSIS_RTOS_V2/cmsis_os2.o
                0x08009170                osThreadNew
 .text.osThreadFlagsSet
                0x08009294       0x9c ./Middlewares/Third_Party/FreeRTOS/Source/CMSIS_RTOS_V2/cmsis_os2.o
                0x08009294                osThreadFlagsSet
 .text.osThreadFlagsClear
                0x08009330       0x7c ./Middlewares/Third_Party/FreeRTOS/Source/CMSIS_RTOS_V2/cmsis_os2.o
                0x08009330                osThreadFlagsClear
 .text.osThreadFlagsWait
                0x080093ac      0x102 ./Middlewares/Third_Party/FreeRTOS/Source/CMSIS_RTOS_V2/cmsis_os2.o
                0x080093ac                osThreadFlagsWait
 .text.osDelay  0x080094ae       0x36 ./Middlewares/Third_Party/FreeRTOS/Source/CMSIS_RTOS_V2/cmsis_os2.o
                0x080094ae                osDelay
 .text.vApplicationGetIdleTaskMemory
                0x080094e4       0x34 ./Middlewares/Third_Party/FreeRTOS/Source/CMSIS_RTOS_V2/cmsis_os2.o
                0x080094e4                vApplicationGetIdleTaskMemory
 .text.vApplicationGetTimerTaskMemory
                0x08009518       0x34 ./Middlewares/Third_Party/FreeRTOS/Source/CMSIS_RTOS_V2/cmsis_os2.o
                0x08009518                vApplicationGetTimerTaskMemory
 .text.vListInitialise
                0x0800954c       0x40 ./Middlewares/Third_Party/FreeRTOS/Source/list.o
                0x0800954c                vListInitialise
 .text.vListInitialiseItem
                0x0800958c       0x1a ./Middlewares/Third_Party/FreeRTOS/Source/list.o
                0x0800958c                vListInitialiseItem
 .text.vListInsertEnd
                0x080095a6       0x48 ./Middlewares/Third_Party/FreeRTOS/Source/list.o
                0x080095a6                vListInsertEnd
 .text.vListInsert
                0x080095ee       0x72 ./Middlewares/Third_Party/FreeRTOS/Source/list.o
                0x080095ee                vListInsert
 .text.uxListRemove
                0x08009660       0x54 ./Middlewares/Third_Party/FreeRTOS/Source/list.o
                0x08009660                uxListRemove
 .text.xQueueGenericReset
                0x080096b4       0xd4 ./Middlewares/Third_Party/FreeRTOS/Source/queue.o
                0x080096b4                xQueueGenericReset
 .text.xQueueGenericCreateStatic
                0x08009788       0xfa ./Middlewares/Third_Party/FreeRTOS/Source/queue.o
                0x08009788                xQueueGenericCreateStatic
 .text.prvInitialiseNewQueue
                0x08009882       0x46 ./Middlewares/Third_Party/FreeRTOS/Source/queue.o
 .text.xQueueGenericSend
                0x080098c8      0x204 ./Middlewares/Third_Party/FreeRTOS/Source/queue.o
                0x080098c8                xQueueGenericSend
 .text.xQueueGenericSendFromISR
                0x08009acc      0x13c ./Middlewares/Third_Party/FreeRTOS/Source/queue.o
                0x08009acc                xQueueGenericSendFromISR
 .text.xQueueReceive
                0x08009c08      0x1c4 ./Middlewares/Third_Party/FreeRTOS/Source/queue.o
                0x08009c08                xQueueReceive
 .text.prvCopyDataToQueue
                0x08009dcc       0xd4 ./Middlewares/Third_Party/FreeRTOS/Source/queue.o
 .text.prvCopyDataFromQueue
                0x08009ea0       0x4c ./Middlewares/Third_Party/FreeRTOS/Source/queue.o
 .text.prvUnlockQueue
                0x08009eec       0xa4 ./Middlewares/Third_Party/FreeRTOS/Source/queue.o
 .text.prvIsQueueEmpty
                0x08009f90       0x2c ./Middlewares/Third_Party/FreeRTOS/Source/queue.o
 .text.prvIsQueueFull
                0x08009fbc       0x30 ./Middlewares/Third_Party/FreeRTOS/Source/queue.o
 .text.vQueueAddToRegistry
                0x08009fec       0x54 ./Middlewares/Third_Party/FreeRTOS/Source/queue.o
                0x08009fec                vQueueAddToRegistry
 .text.vQueueWaitForMessageRestricted
                0x0800a040       0x68 ./Middlewares/Third_Party/FreeRTOS/Source/queue.o
                0x0800a040                vQueueWaitForMessageRestricted
 .text.xTaskCreateStatic
                0x0800a0a8       0xc0 ./Middlewares/Third_Party/FreeRTOS/Source/tasks.o
                0x0800a0a8                xTaskCreateStatic
 .text.xTaskCreate
                0x0800a168       0x8a ./Middlewares/Third_Party/FreeRTOS/Source/tasks.o
                0x0800a168                xTaskCreate
 *fill*         0x0800a1f2        0x2 
 .text.prvInitialiseNewTask
                0x0800a1f4      0x150 ./Middlewares/Third_Party/FreeRTOS/Source/tasks.o
 .text.prvAddNewTaskToReadyList
                0x0800a344       0xe0 ./Middlewares/Third_Party/FreeRTOS/Source/tasks.o
 .text.vTaskDelay
                0x0800a424       0x6c ./Middlewares/Third_Party/FreeRTOS/Source/tasks.o
                0x0800a424                vTaskDelay
 .text.vTaskStartScheduler
                0x0800a490       0xe0 ./Middlewares/Third_Party/FreeRTOS/Source/tasks.o
                0x0800a490                vTaskStartScheduler
 .text.vTaskSuspendAll
                0x0800a570       0x1c ./Middlewares/Third_Party/FreeRTOS/Source/tasks.o
                0x0800a570                vTaskSuspendAll
 .text.xTaskResumeAll
                0x0800a58c      0x13c ./Middlewares/Third_Party/FreeRTOS/Source/tasks.o
                0x0800a58c                xTaskResumeAll
 .text.xTaskGetTickCount
                0x0800a6c8       0x20 ./Middlewares/Third_Party/FreeRTOS/Source/tasks.o
                0x0800a6c8                xTaskGetTickCount
 .text.xTaskIncrementTick
                0x0800a6e8      0x174 ./Middlewares/Third_Party/FreeRTOS/Source/tasks.o
                0x0800a6e8                xTaskIncrementTick
 .text.vTaskSwitchContext
                0x0800a85c       0xcc ./Middlewares/Third_Party/FreeRTOS/Source/tasks.o
                0x0800a85c                vTaskSwitchContext
 .text.vTaskPlaceOnEventList
                0x0800a928       0x4c ./Middlewares/Third_Party/FreeRTOS/Source/tasks.o
                0x0800a928                vTaskPlaceOnEventList
 .text.vTaskPlaceOnEventListRestricted
                0x0800a974       0x58 ./Middlewares/Third_Party/FreeRTOS/Source/tasks.o
                0x0800a974                vTaskPlaceOnEventListRestricted
 .text.xTaskRemoveFromEventList
                0x0800a9cc       0xc8 ./Middlewares/Third_Party/FreeRTOS/Source/tasks.o
                0x0800a9cc                xTaskRemoveFromEventList
 .text.vTaskInternalSetTimeOutState
                0x0800aa94       0x2c ./Middlewares/Third_Party/FreeRTOS/Source/tasks.o
                0x0800aa94                vTaskInternalSetTimeOutState
 .text.xTaskCheckForTimeOut
                0x0800aac0       0xc8 ./Middlewares/Third_Party/FreeRTOS/Source/tasks.o
                0x0800aac0                xTaskCheckForTimeOut
 .text.vTaskMissedYield
                0x0800ab88       0x18 ./Middlewares/Third_Party/FreeRTOS/Source/tasks.o
                0x0800ab88                vTaskMissedYield
 .text.prvIdleTask
                0x0800aba0       0x30 ./Middlewares/Third_Party/FreeRTOS/Source/tasks.o
 .text.prvInitialiseTaskLists
                0x0800abd0       0x80 ./Middlewares/Third_Party/FreeRTOS/Source/tasks.o
 .text.prvCheckTasksWaitingTermination
                0x0800ac50       0x5c ./Middlewares/Third_Party/FreeRTOS/Source/tasks.o
 .text.prvDeleteTCB
                0x0800acac       0x6a ./Middlewares/Third_Party/FreeRTOS/Source/tasks.o
 *fill*         0x0800ad16        0x2 
 .text.prvResetNextTaskUnblockTime
                0x0800ad18       0x40 ./Middlewares/Third_Party/FreeRTOS/Source/tasks.o
 .text.xTaskGetCurrentTaskHandle
                0x0800ad58       0x20 ./Middlewares/Third_Party/FreeRTOS/Source/tasks.o
                0x0800ad58                xTaskGetCurrentTaskHandle
 .text.xTaskGetSchedulerState
                0x0800ad78       0x3c ./Middlewares/Third_Party/FreeRTOS/Source/tasks.o
                0x0800ad78                xTaskGetSchedulerState
 .text.xTaskPriorityDisinherit
                0x0800adb4       0xe0 ./Middlewares/Third_Party/FreeRTOS/Source/tasks.o
                0x0800adb4                xTaskPriorityDisinherit
 .text.xTaskNotifyWait
                0x0800ae94       0xc0 ./Middlewares/Third_Party/FreeRTOS/Source/tasks.o
                0x0800ae94                xTaskNotifyWait
 .text.xTaskGenericNotify
                0x0800af54      0x184 ./Middlewares/Third_Party/FreeRTOS/Source/tasks.o
                0x0800af54                xTaskGenericNotify
 .text.xTaskGenericNotifyFromISR
                0x0800b0d8      0x1cc ./Middlewares/Third_Party/FreeRTOS/Source/tasks.o
                0x0800b0d8                xTaskGenericNotifyFromISR
 .text.prvAddCurrentTaskToDelayedList
                0x0800b2a4       0xa8 ./Middlewares/Third_Party/FreeRTOS/Source/tasks.o
 .text.xTimerCreateTimerTask
                0x0800b34c       0x94 ./Middlewares/Third_Party/FreeRTOS/Source/timers.o
                0x0800b34c                xTimerCreateTimerTask
 .text.xTimerGenericCommand
                0x0800b3e0       0x9c ./Middlewares/Third_Party/FreeRTOS/Source/timers.o
                0x0800b3e0                xTimerGenericCommand
 .text.prvProcessExpiredTimer
                0x0800b47c       0x9c ./Middlewares/Third_Party/FreeRTOS/Source/timers.o
 .text.prvTimerTask
                0x0800b518       0x26 ./Middlewares/Third_Party/FreeRTOS/Source/timers.o
 *fill*         0x0800b53e        0x2 
 .text.prvProcessTimerOrBlockTask
                0x0800b540       0x9c ./Middlewares/Third_Party/FreeRTOS/Source/timers.o
 .text.prvGetNextExpireTime
                0x0800b5dc       0x48 ./Middlewares/Third_Party/FreeRTOS/Source/timers.o
 .text.prvSampleTimeNow
                0x0800b624       0x40 ./Middlewares/Third_Party/FreeRTOS/Source/timers.o
 .text.prvInsertTimerInActiveList
                0x0800b664       0x84 ./Middlewares/Third_Party/FreeRTOS/Source/timers.o
 .text.prvProcessReceivedCommands
                0x0800b6e8      0x1cc ./Middlewares/Third_Party/FreeRTOS/Source/timers.o
 .text.prvSwitchTimerLists
                0x0800b8b4       0xcc ./Middlewares/Third_Party/FreeRTOS/Source/timers.o
 .text.prvCheckForValidListAndQueue
                0x0800b980       0x80 ./Middlewares/Third_Party/FreeRTOS/Source/timers.o
 .text.pxPortInitialiseStack
                0x0800ba00       0x68 ./Middlewares/Third_Party/FreeRTOS/Source/portable/GCC/ARM_CM4F/port.o
                0x0800ba00                pxPortInitialiseStack
 .text.prvTaskExitError
                0x0800ba68       0x5c ./Middlewares/Third_Party/FreeRTOS/Source/portable/GCC/ARM_CM4F/port.o
 *fill*         0x0800bac4        0xc 
 .text.SVC_Handler
                0x0800bad0       0x28 ./Middlewares/Third_Party/FreeRTOS/Source/portable/GCC/ARM_CM4F/port.o
                0x0800bad0                SVC_Handler
 .text.prvPortStartFirstTask
                0x0800baf8       0x28 ./Middlewares/Third_Party/FreeRTOS/Source/portable/GCC/ARM_CM4F/port.o
 .text.xPortStartScheduler
                0x0800bb20      0x148 ./Middlewares/Third_Party/FreeRTOS/Source/portable/GCC/ARM_CM4F/port.o
                0x0800bb20                xPortStartScheduler
 .text.vPortEnterCritical
                0x0800bc68       0x64 ./Middlewares/Third_Party/FreeRTOS/Source/portable/GCC/ARM_CM4F/port.o
                0x0800bc68                vPortEnterCritical
 .text.vPortExitCritical
                0x0800bccc       0x54 ./Middlewares/Third_Party/FreeRTOS/Source/portable/GCC/ARM_CM4F/port.o
                0x0800bccc                vPortExitCritical
 .text.PendSV_Handler
                0x0800bd20       0x68 ./Middlewares/Third_Party/FreeRTOS/Source/portable/GCC/ARM_CM4F/port.o
                0x0800bd20                PendSV_Handler
 .text.xPortSysTickHandler
                0x0800bd88       0x44 ./Middlewares/Third_Party/FreeRTOS/Source/portable/GCC/ARM_CM4F/port.o
                0x0800bd88                xPortSysTickHandler
 .text.vPortSetupTimerInterrupt
                0x0800bdcc       0x48 ./Middlewares/Third_Party/FreeRTOS/Source/portable/GCC/ARM_CM4F/port.o
                0x0800bdcc                vPortSetupTimerInterrupt
 .text.vPortEnableVFP
                0x0800be14       0x14 ./Middlewares/Third_Party/FreeRTOS/Source/portable/GCC/ARM_CM4F/port.o
 .text.vPortValidateInterruptPriority
                0x0800be28       0x84 ./Middlewares/Third_Party/FreeRTOS/Source/portable/GCC/ARM_CM4F/port.o
                0x0800be28                vPortValidateInterruptPriority
 .text.pvPortMalloc
                0x0800beac      0x19c ./Middlewares/Third_Party/FreeRTOS/Source/portable/MemMang/heap_4.o
                0x0800beac                pvPortMalloc
 .text.vPortFree
                0x0800c048       0xc8 ./Middlewares/Third_Party/FreeRTOS/Source/portable/MemMang/heap_4.o
                0x0800c048                vPortFree
 .text.prvHeapInit
                0x0800c110       0xc4 ./Middlewares/Third_Party/FreeRTOS/Source/portable/MemMang/heap_4.o
 .text.prvInsertBlockIntoFreeList
                0x0800c1d4       0xb4 ./Middlewares/Third_Party/FreeRTOS/Source/portable/MemMang/heap_4.o
 .text.calloc   0x0800c288       0x10 C:/ST/STM32CubeIDE_1.16.0/STM32CubeIDE/plugins/com.st.stm32cube.ide.mcu.externaltools.gnu-tools-for-stm32.12.3.rel1.win32_1.0.200.202406191623/tools/bin/../lib/gcc/arm-none-eabi/12.3.1/../../../../arm-none-eabi/lib/thumb/v7e-m+fp/hard\libc_nano.a(libc_a-calloc.o)
                0x0800c288                calloc
 .text._calloc_r
                0x0800c298       0x28 C:/ST/STM32CubeIDE_1.16.0/STM32CubeIDE/plugins/com.st.stm32cube.ide.mcu.externaltools.gnu-tools-for-stm32.12.3.rel1.win32_1.0.200.202406191623/tools/bin/../lib/gcc/arm-none-eabi/12.3.1/../../../../arm-none-eabi/lib/thumb/v7e-m+fp/hard\libc_nano.a(libc_a-callocr.o)
                0x0800c298                _calloc_r
 .text.malloc   0x0800c2c0       0x10 C:/ST/STM32CubeIDE_1.16.0/STM32CubeIDE/plugins/com.st.stm32cube.ide.mcu.externaltools.gnu-tools-for-stm32.12.3.rel1.win32_1.0.200.202406191623/tools/bin/../lib/gcc/arm-none-eabi/12.3.1/../../../../arm-none-eabi/lib/thumb/v7e-m+fp/hard\libc_nano.a(libc_a-malloc.o)
                0x0800c2c0                malloc
 .text.sbrk_aligned
                0x0800c2d0       0x44 C:/ST/STM32CubeIDE_1.16.0/STM32CubeIDE/plugins/com.st.stm32cube.ide.mcu.externaltools.gnu-tools-for-stm32.12.3.rel1.win32_1.0.200.202406191623/tools/bin/../lib/gcc/arm-none-eabi/12.3.1/../../../../arm-none-eabi/lib/thumb/v7e-m+fp/hard\libc_nano.a(libc_a-mallocr.o)
 .text._malloc_r
                0x0800c314      0x100 C:/ST/STM32CubeIDE_1.16.0/STM32CubeIDE/plugins/com.st.stm32cube.ide.mcu.externaltools.gnu-tools-for-stm32.12.3.rel1.win32_1.0.200.202406191623/tools/bin/../lib/gcc/arm-none-eabi/12.3.1/../../../../arm-none-eabi/lib/thumb/v7e-m+fp/hard\libc_nano.a(libc_a-mallocr.o)
                0x0800c314                _malloc_r
 .text.__malloc_lock
                0x0800c414        0xc C:/ST/STM32CubeIDE_1.16.0/STM32CubeIDE/plugins/com.st.stm32cube.ide.mcu.externaltools.gnu-tools-for-stm32.12.3.rel1.win32_1.0.200.202406191623/tools/bin/../lib/gcc/arm-none-eabi/12.3.1/../../../../arm-none-eabi/lib/thumb/v7e-m+fp/hard\libc_nano.a(libc_a-mlock.o)
                0x0800c414                __malloc_lock
 .text.__malloc_unlock
                0x0800c420        0xc C:/ST/STM32CubeIDE_1.16.0/STM32CubeIDE/plugins/com.st.stm32cube.ide.mcu.externaltools.gnu-tools-for-stm32.12.3.rel1.win32_1.0.200.202406191623/tools/bin/../lib/gcc/arm-none-eabi/12.3.1/../../../../arm-none-eabi/lib/thumb/v7e-m+fp/hard\libc_nano.a(libc_a-mlock.o)
                0x0800c420                __malloc_unlock
 .text._strtol_l.constprop.0
                0x0800c42c       0xf4 C:/ST/STM32CubeIDE_1.16.0/STM32CubeIDE/plugins/com.st.stm32cube.ide.mcu.externaltools.gnu-tools-for-stm32.12.3.rel1.win32_1.0.200.202406191623/tools/bin/../lib/gcc/arm-none-eabi/12.3.1/../../../../arm-none-eabi/lib/thumb/v7e-m+fp/hard\libc_nano.a(libc_a-strtol.o)
 .text.strtol   0x0800c520       0x14 C:/ST/STM32CubeIDE_1.16.0/STM32CubeIDE/plugins/com.st.stm32cube.ide.mcu.externaltools.gnu-tools-for-stm32.12.3.rel1.win32_1.0.200.202406191623/tools/bin/../lib/gcc/arm-none-eabi/12.3.1/../../../../arm-none-eabi/lib/thumb/v7e-m+fp/hard\libc_nano.a(libc_a-strtol.o)
                0x0800c520                strtol
 .text.__cvt    0x0800c534       0xca C:/ST/STM32CubeIDE_1.16.0/STM32CubeIDE/plugins/com.st.stm32cube.ide.mcu.externaltools.gnu-tools-for-stm32.12.3.rel1.win32_1.0.200.202406191623/tools/bin/../lib/gcc/arm-none-eabi/12.3.1/../../../../arm-none-eabi/lib/thumb/v7e-m+fp/hard\libc_nano.a(libc_a-nano-vfprintf_float.o)
                0x0800c534                __cvt
 .text.__exponent
                0x0800c5fe       0x74 C:/ST/STM32CubeIDE_1.16.0/STM32CubeIDE/plugins/com.st.stm32cube.ide.mcu.externaltools.gnu-tools-for-stm32.12.3.rel1.win32_1.0.200.202406191623/tools/bin/../lib/gcc/arm-none-eabi/12.3.1/../../../../arm-none-eabi/lib/thumb/v7e-m+fp/hard\libc_nano.a(libc_a-nano-vfprintf_float.o)
                0x0800c5fe                __exponent
 *fill*         0x0800c672        0x2 
 .text._printf_float
                0x0800c674      0x454 C:/ST/STM32CubeIDE_1.16.0/STM32CubeIDE/plugins/com.st.stm32cube.ide.mcu.externaltools.gnu-tools-for-stm32.12.3.rel1.win32_1.0.200.202406191623/tools/bin/../lib/gcc/arm-none-eabi/12.3.1/../../../../arm-none-eabi/lib/thumb/v7e-m+fp/hard\libc_nano.a(libc_a-nano-vfprintf_float.o)
                0x0800c674                _printf_float
 .text._printf_common
                0x0800cac8       0xda C:/ST/STM32CubeIDE_1.16.0/STM32CubeIDE/plugins/com.st.stm32cube.ide.mcu.externaltools.gnu-tools-for-stm32.12.3.rel1.win32_1.0.200.202406191623/tools/bin/../lib/gcc/arm-none-eabi/12.3.1/../../../../arm-none-eabi/lib/thumb/v7e-m+fp/hard\libc_nano.a(libc_a-nano-vfprintf_i.o)
                0x0800cac8                _printf_common
 *fill*         0x0800cba2        0x2 
 .text._printf_i
                0x0800cba4      0x240 C:/ST/STM32CubeIDE_1.16.0/STM32CubeIDE/plugins/com.st.stm32cube.ide.mcu.externaltools.gnu-tools-for-stm32.12.3.rel1.win32_1.0.200.202406191623/tools/bin/../lib/gcc/arm-none-eabi/12.3.1/../../../../arm-none-eabi/lib/thumb/v7e-m+fp/hard\libc_nano.a(libc_a-nano-vfprintf_i.o)
                0x0800cba4                _printf_i
 .text.std      0x0800cde4       0x6c C:/ST/STM32CubeIDE_1.16.0/STM32CubeIDE/plugins/com.st.stm32cube.ide.mcu.externaltools.gnu-tools-for-stm32.12.3.rel1.win32_1.0.200.202406191623/tools/bin/../lib/gcc/arm-none-eabi/12.3.1/../../../../arm-none-eabi/lib/thumb/v7e-m+fp/hard\libc_nano.a(libc_a-findfp.o)
 .text.stdio_exit_handler
                0x0800ce50       0x18 C:/ST/STM32CubeIDE_1.16.0/STM32CubeIDE/plugins/com.st.stm32cube.ide.mcu.externaltools.gnu-tools-for-stm32.12.3.rel1.win32_1.0.200.202406191623/tools/bin/../lib/gcc/arm-none-eabi/12.3.1/../../../../arm-none-eabi/lib/thumb/v7e-m+fp/hard\libc_nano.a(libc_a-findfp.o)
 .text.cleanup_stdio
                0x0800ce68       0x40 C:/ST/STM32CubeIDE_1.16.0/STM32CubeIDE/plugins/com.st.stm32cube.ide.mcu.externaltools.gnu-tools-for-stm32.12.3.rel1.win32_1.0.200.202406191623/tools/bin/../lib/gcc/arm-none-eabi/12.3.1/../../../../arm-none-eabi/lib/thumb/v7e-m+fp/hard\libc_nano.a(libc_a-findfp.o)
 .text.global_stdio_init.part.0
                0x0800cea8       0x3c C:/ST/STM32CubeIDE_1.16.0/STM32CubeIDE/plugins/com.st.stm32cube.ide.mcu.externaltools.gnu-tools-for-stm32.12.3.rel1.win32_1.0.200.202406191623/tools/bin/../lib/gcc/arm-none-eabi/12.3.1/../../../../arm-none-eabi/lib/thumb/v7e-m+fp/hard\libc_nano.a(libc_a-findfp.o)
 .text.__sfp_lock_acquire
                0x0800cee4        0xc C:/ST/STM32CubeIDE_1.16.0/STM32CubeIDE/plugins/com.st.stm32cube.ide.mcu.externaltools.gnu-tools-for-stm32.12.3.rel1.win32_1.0.200.202406191623/tools/bin/../lib/gcc/arm-none-eabi/12.3.1/../../../../arm-none-eabi/lib/thumb/v7e-m+fp/hard\libc_nano.a(libc_a-findfp.o)
                0x0800cee4                __sfp_lock_acquire
 .text.__sfp_lock_release
                0x0800cef0        0xc C:/ST/STM32CubeIDE_1.16.0/STM32CubeIDE/plugins/com.st.stm32cube.ide.mcu.externaltools.gnu-tools-for-stm32.12.3.rel1.win32_1.0.200.202406191623/tools/bin/../lib/gcc/arm-none-eabi/12.3.1/../../../../arm-none-eabi/lib/thumb/v7e-m+fp/hard\libc_nano.a(libc_a-findfp.o)
                0x0800cef0                __sfp_lock_release
 .text.__sinit  0x0800cefc       0x30 C:/ST/STM32CubeIDE_1.16.0/STM32CubeIDE/plugins/com.st.stm32cube.ide.mcu.externaltools.gnu-tools-for-stm32.12.3.rel1.win32_1.0.200.202406191623/tools/bin/../lib/gcc/arm-none-eabi/12.3.1/../../../../arm-none-eabi/lib/thumb/v7e-m+fp/hard\libc_nano.a(libc_a-findfp.o)
                0x0800cefc                __sinit
 .text._fwalk_sglue
                0x0800cf2c       0x3c C:/ST/STM32CubeIDE_1.16.0/STM32CubeIDE/plugins/com.st.stm32cube.ide.mcu.externaltools.gnu-tools-for-stm32.12.3.rel1.win32_1.0.200.202406191623/tools/bin/../lib/gcc/arm-none-eabi/12.3.1/../../../../arm-none-eabi/lib/thumb/v7e-m+fp/hard\libc_nano.a(libc_a-fwalk.o)
                0x0800cf2c                _fwalk_sglue
 .text.sprintf  0x0800cf68       0x40 C:/ST/STM32CubeIDE_1.16.0/STM32CubeIDE/plugins/com.st.stm32cube.ide.mcu.externaltools.gnu-tools-for-stm32.12.3.rel1.win32_1.0.200.202406191623/tools/bin/../lib/gcc/arm-none-eabi/12.3.1/../../../../arm-none-eabi/lib/thumb/v7e-m+fp/hard\libc_nano.a(libc_a-sprintf.o)
                0x0800cf68                siprintf
                0x0800cf68                sprintf
 .text.__sread  0x0800cfa8       0x22 C:/ST/STM32CubeIDE_1.16.0/STM32CubeIDE/plugins/com.st.stm32cube.ide.mcu.externaltools.gnu-tools-for-stm32.12.3.rel1.win32_1.0.200.202406191623/tools/bin/../lib/gcc/arm-none-eabi/12.3.1/../../../../arm-none-eabi/lib/thumb/v7e-m+fp/hard\libc_nano.a(libc_a-stdio.o)
                0x0800cfa8                __sread
 .text.__swrite
                0x0800cfca       0x38 C:/ST/STM32CubeIDE_1.16.0/STM32CubeIDE/plugins/com.st.stm32cube.ide.mcu.externaltools.gnu-tools-for-stm32.12.3.rel1.win32_1.0.200.202406191623/tools/bin/../lib/gcc/arm-none-eabi/12.3.1/../../../../arm-none-eabi/lib/thumb/v7e-m+fp/hard\libc_nano.a(libc_a-stdio.o)
                0x0800cfca                __swrite
 .text.__sseek  0x0800d002       0x24 C:/ST/STM32CubeIDE_1.16.0/STM32CubeIDE/plugins/com.st.stm32cube.ide.mcu.externaltools.gnu-tools-for-stm32.12.3.rel1.win32_1.0.200.202406191623/tools/bin/../lib/gcc/arm-none-eabi/12.3.1/../../../../arm-none-eabi/lib/thumb/v7e-m+fp/hard\libc_nano.a(libc_a-stdio.o)
                0x0800d002                __sseek
 .text.__sclose
                0x0800d026        0x8 C:/ST/STM32CubeIDE_1.16.0/STM32CubeIDE/plugins/com.st.stm32cube.ide.mcu.externaltools.gnu-tools-for-stm32.12.3.rel1.win32_1.0.200.202406191623/tools/bin/../lib/gcc/arm-none-eabi/12.3.1/../../../../arm-none-eabi/lib/thumb/v7e-m+fp/hard\libc_nano.a(libc_a-stdio.o)
                0x0800d026                __sclose
 .text.memset   0x0800d02e       0x10 C:/ST/STM32CubeIDE_1.16.0/STM32CubeIDE/plugins/com.st.stm32cube.ide.mcu.externaltools.gnu-tools-for-stm32.12.3.rel1.win32_1.0.200.202406191623/tools/bin/../lib/gcc/arm-none-eabi/12.3.1/../../../../arm-none-eabi/lib/thumb/v7e-m+fp/hard\libc_nano.a(libc_a-memset.o)
                0x0800d02e                memset
 *fill*         0x0800d03e        0x2 
 .text.strtok   0x0800d040       0x68 C:/ST/STM32CubeIDE_1.16.0/STM32CubeIDE/plugins/com.st.stm32cube.ide.mcu.externaltools.gnu-tools-for-stm32.12.3.rel1.win32_1.0.200.202406191623/tools/bin/../lib/gcc/arm-none-eabi/12.3.1/../../../../arm-none-eabi/lib/thumb/v7e-m+fp/hard\libc_nano.a(libc_a-strtok.o)
                0x0800d040                strtok
 .text.__strtok_r
                0x0800d0a8       0x50 C:/ST/STM32CubeIDE_1.16.0/STM32CubeIDE/plugins/com.st.stm32cube.ide.mcu.externaltools.gnu-tools-for-stm32.12.3.rel1.win32_1.0.200.202406191623/tools/bin/../lib/gcc/arm-none-eabi/12.3.1/../../../../arm-none-eabi/lib/thumb/v7e-m+fp/hard\libc_nano.a(libc_a-strtok_r.o)
                0x0800d0a8                __strtok_r
 .text._localeconv_r
                0x0800d0f8        0x8 C:/ST/STM32CubeIDE_1.16.0/STM32CubeIDE/plugins/com.st.stm32cube.ide.mcu.externaltools.gnu-tools-for-stm32.12.3.rel1.win32_1.0.200.202406191623/tools/bin/../lib/gcc/arm-none-eabi/12.3.1/../../../../arm-none-eabi/lib/thumb/v7e-m+fp/hard\libc_nano.a(libc_a-localeconv.o)
                0x0800d0f8                _localeconv_r
 .text._close_r
                0x0800d100       0x20 C:/ST/STM32CubeIDE_1.16.0/STM32CubeIDE/plugins/com.st.stm32cube.ide.mcu.externaltools.gnu-tools-for-stm32.12.3.rel1.win32_1.0.200.202406191623/tools/bin/../lib/gcc/arm-none-eabi/12.3.1/../../../../arm-none-eabi/lib/thumb/v7e-m+fp/hard\libc_nano.a(libc_a-closer.o)
                0x0800d100                _close_r
 .text._reclaim_reent
                0x0800d120       0xac C:/ST/STM32CubeIDE_1.16.0/STM32CubeIDE/plugins/com.st.stm32cube.ide.mcu.externaltools.gnu-tools-for-stm32.12.3.rel1.win32_1.0.200.202406191623/tools/bin/../lib/gcc/arm-none-eabi/12.3.1/../../../../arm-none-eabi/lib/thumb/v7e-m+fp/hard\libc_nano.a(libc_a-reent.o)
                0x0800d120                _reclaim_reent
 .text._lseek_r
                0x0800d1cc       0x24 C:/ST/STM32CubeIDE_1.16.0/STM32CubeIDE/plugins/com.st.stm32cube.ide.mcu.externaltools.gnu-tools-for-stm32.12.3.rel1.win32_1.0.200.202406191623/tools/bin/../lib/gcc/arm-none-eabi/12.3.1/../../../../arm-none-eabi/lib/thumb/v7e-m+fp/hard\libc_nano.a(libc_a-lseekr.o)
                0x0800d1cc                _lseek_r
 .text._read_r  0x0800d1f0       0x24 C:/ST/STM32CubeIDE_1.16.0/STM32CubeIDE/plugins/com.st.stm32cube.ide.mcu.externaltools.gnu-tools-for-stm32.12.3.rel1.win32_1.0.200.202406191623/tools/bin/../lib/gcc/arm-none-eabi/12.3.1/../../../../arm-none-eabi/lib/thumb/v7e-m+fp/hard\libc_nano.a(libc_a-readr.o)
                0x0800d1f0                _read_r
 .text._sbrk_r  0x0800d214       0x20 C:/ST/STM32CubeIDE_1.16.0/STM32CubeIDE/plugins/com.st.stm32cube.ide.mcu.externaltools.gnu-tools-for-stm32.12.3.rel1.win32_1.0.200.202406191623/tools/bin/../lib/gcc/arm-none-eabi/12.3.1/../../../../arm-none-eabi/lib/thumb/v7e-m+fp/hard\libc_nano.a(libc_a-sbrkr.o)
                0x0800d214                _sbrk_r
 .text._write_r
                0x0800d234       0x24 C:/ST/STM32CubeIDE_1.16.0/STM32CubeIDE/plugins/com.st.stm32cube.ide.mcu.externaltools.gnu-tools-for-stm32.12.3.rel1.win32_1.0.200.202406191623/tools/bin/../lib/gcc/arm-none-eabi/12.3.1/../../../../arm-none-eabi/lib/thumb/v7e-m+fp/hard\libc_nano.a(libc_a-writer.o)
                0x0800d234                _write_r
 .text.__errno  0x0800d258        0xc C:/ST/STM32CubeIDE_1.16.0/STM32CubeIDE/plugins/com.st.stm32cube.ide.mcu.externaltools.gnu-tools-for-stm32.12.3.rel1.win32_1.0.200.202406191623/tools/bin/../lib/gcc/arm-none-eabi/12.3.1/../../../../arm-none-eabi/lib/thumb/v7e-m+fp/hard\libc_nano.a(libc_a-errno.o)
                0x0800d258                __errno
 .text.__libc_init_array
                0x0800d264       0x48 C:/ST/STM32CubeIDE_1.16.0/STM32CubeIDE/plugins/com.st.stm32cube.ide.mcu.externaltools.gnu-tools-for-stm32.12.3.rel1.win32_1.0.200.202406191623/tools/bin/../lib/gcc/arm-none-eabi/12.3.1/../../../../arm-none-eabi/lib/thumb/v7e-m+fp/hard\libc_nano.a(libc_a-init.o)
                0x0800d264                __libc_init_array
 .text.__retarget_lock_init_recursive
                0x0800d2ac        0x2 C:/ST/STM32CubeIDE_1.16.0/STM32CubeIDE/plugins/com.st.stm32cube.ide.mcu.externaltools.gnu-tools-for-stm32.12.3.rel1.win32_1.0.200.202406191623/tools/bin/../lib/gcc/arm-none-eabi/12.3.1/../../../../arm-none-eabi/lib/thumb/v7e-m+fp/hard\libc_nano.a(libc_a-lock.o)
                0x0800d2ac                __retarget_lock_init_recursive
 .text.__retarget_lock_acquire_recursive
                0x0800d2ae        0x2 C:/ST/STM32CubeIDE_1.16.0/STM32CubeIDE/plugins/com.st.stm32cube.ide.mcu.externaltools.gnu-tools-for-stm32.12.3.rel1.win32_1.0.200.202406191623/tools/bin/../lib/gcc/arm-none-eabi/12.3.1/../../../../arm-none-eabi/lib/thumb/v7e-m+fp/hard\libc_nano.a(libc_a-lock.o)
                0x0800d2ae                __retarget_lock_acquire_recursive
 .text.__retarget_lock_release_recursive
                0x0800d2b0        0x2 C:/ST/STM32CubeIDE_1.16.0/STM32CubeIDE/plugins/com.st.stm32cube.ide.mcu.externaltools.gnu-tools-for-stm32.12.3.rel1.win32_1.0.200.202406191623/tools/bin/../lib/gcc/arm-none-eabi/12.3.1/../../../../arm-none-eabi/lib/thumb/v7e-m+fp/hard\libc_nano.a(libc_a-lock.o)
                0x0800d2b0                __retarget_lock_release_recursive
 .text.memcpy   0x0800d2b2       0x1c C:/ST/STM32CubeIDE_1.16.0/STM32CubeIDE/plugins/com.st.stm32cube.ide.mcu.externaltools.gnu-tools-for-stm32.12.3.rel1.win32_1.0.200.202406191623/tools/bin/../lib/gcc/arm-none-eabi/12.3.1/../../../../arm-none-eabi/lib/thumb/v7e-m+fp/hard\libc_nano.a(libc_a-memcpy-stub.o)
                0x0800d2b2                memcpy
 *fill*         0x0800d2ce        0x2 
 .text.__assert_func
                0x0800d2d0       0x3c C:/ST/STM32CubeIDE_1.16.0/STM32CubeIDE/plugins/com.st.stm32cube.ide.mcu.externaltools.gnu-tools-for-stm32.12.3.rel1.win32_1.0.200.202406191623/tools/bin/../lib/gcc/arm-none-eabi/12.3.1/../../../../arm-none-eabi/lib/thumb/v7e-m+fp/hard\libc_nano.a(libc_a-assert.o)
                0x0800d2d0                __assert_func
 .text.quorem   0x0800d30c      0x110 C:/ST/STM32CubeIDE_1.16.0/STM32CubeIDE/plugins/com.st.stm32cube.ide.mcu.externaltools.gnu-tools-for-stm32.12.3.rel1.win32_1.0.200.202406191623/tools/bin/../lib/gcc/arm-none-eabi/12.3.1/../../../../arm-none-eabi/lib/thumb/v7e-m+fp/hard\libc_nano.a(libc_a-dtoa.o)
 *fill*         0x0800d41c        0x4 
 .text._dtoa_r  0x0800d420      0xb88 C:/ST/STM32CubeIDE_1.16.0/STM32CubeIDE/plugins/com.st.stm32cube.ide.mcu.externaltools.gnu-tools-for-stm32.12.3.rel1.win32_1.0.200.202406191623/tools/bin/../lib/gcc/arm-none-eabi/12.3.1/../../../../arm-none-eabi/lib/thumb/v7e-m+fp/hard\libc_nano.a(libc_a-dtoa.o)
                0x0800d420                _dtoa_r
 .text._free_r  0x0800dfa8       0x94 C:/ST/STM32CubeIDE_1.16.0/STM32CubeIDE/plugins/com.st.stm32cube.ide.mcu.externaltools.gnu-tools-for-stm32.12.3.rel1.win32_1.0.200.202406191623/tools/bin/../lib/gcc/arm-none-eabi/12.3.1/../../../../arm-none-eabi/lib/thumb/v7e-m+fp/hard\libc_nano.a(libc_a-freer.o)
                0x0800dfa8                _free_r
 .text._Balloc  0x0800e03c       0x80 C:/ST/STM32CubeIDE_1.16.0/STM32CubeIDE/plugins/com.st.stm32cube.ide.mcu.externaltools.gnu-tools-for-stm32.12.3.rel1.win32_1.0.200.202406191623/tools/bin/../lib/gcc/arm-none-eabi/12.3.1/../../../../arm-none-eabi/lib/thumb/v7e-m+fp/hard\libc_nano.a(libc_a-mprec.o)
                0x0800e03c                _Balloc
 .text._Bfree   0x0800e0bc       0x44 C:/ST/STM32CubeIDE_1.16.0/STM32CubeIDE/plugins/com.st.stm32cube.ide.mcu.externaltools.gnu-tools-for-stm32.12.3.rel1.win32_1.0.200.202406191623/tools/bin/../lib/gcc/arm-none-eabi/12.3.1/../../../../arm-none-eabi/lib/thumb/v7e-m+fp/hard\libc_nano.a(libc_a-mprec.o)
                0x0800e0bc                _Bfree
 .text.__multadd
                0x0800e100       0x8c C:/ST/STM32CubeIDE_1.16.0/STM32CubeIDE/plugins/com.st.stm32cube.ide.mcu.externaltools.gnu-tools-for-stm32.12.3.rel1.win32_1.0.200.202406191623/tools/bin/../lib/gcc/arm-none-eabi/12.3.1/../../../../arm-none-eabi/lib/thumb/v7e-m+fp/hard\libc_nano.a(libc_a-mprec.o)
                0x0800e100                __multadd
 .text.__hi0bits
                0x0800e18c       0x3e C:/ST/STM32CubeIDE_1.16.0/STM32CubeIDE/plugins/com.st.stm32cube.ide.mcu.externaltools.gnu-tools-for-stm32.12.3.rel1.win32_1.0.200.202406191623/tools/bin/../lib/gcc/arm-none-eabi/12.3.1/../../../../arm-none-eabi/lib/thumb/v7e-m+fp/hard\libc_nano.a(libc_a-mprec.o)
                0x0800e18c                __hi0bits
 .text.__lo0bits
                0x0800e1ca       0x5a C:/ST/STM32CubeIDE_1.16.0/STM32CubeIDE/plugins/com.st.stm32cube.ide.mcu.externaltools.gnu-tools-for-stm32.12.3.rel1.win32_1.0.200.202406191623/tools/bin/../lib/gcc/arm-none-eabi/12.3.1/../../../../arm-none-eabi/lib/thumb/v7e-m+fp/hard\libc_nano.a(libc_a-mprec.o)
                0x0800e1ca                __lo0bits
 .text.__i2b    0x0800e224       0x2c C:/ST/STM32CubeIDE_1.16.0/STM32CubeIDE/plugins/com.st.stm32cube.ide.mcu.externaltools.gnu-tools-for-stm32.12.3.rel1.win32_1.0.200.202406191623/tools/bin/../lib/gcc/arm-none-eabi/12.3.1/../../../../arm-none-eabi/lib/thumb/v7e-m+fp/hard\libc_nano.a(libc_a-mprec.o)
                0x0800e224                __i2b
 .text.__multiply
                0x0800e250      0x154 C:/ST/STM32CubeIDE_1.16.0/STM32CubeIDE/plugins/com.st.stm32cube.ide.mcu.externaltools.gnu-tools-for-stm32.12.3.rel1.win32_1.0.200.202406191623/tools/bin/../lib/gcc/arm-none-eabi/12.3.1/../../../../arm-none-eabi/lib/thumb/v7e-m+fp/hard\libc_nano.a(libc_a-mprec.o)
                0x0800e250                __multiply
 .text.__pow5mult
                0x0800e3a4       0xb4 C:/ST/STM32CubeIDE_1.16.0/STM32CubeIDE/plugins/com.st.stm32cube.ide.mcu.externaltools.gnu-tools-for-stm32.12.3.rel1.win32_1.0.200.202406191623/tools/bin/../lib/gcc/arm-none-eabi/12.3.1/../../../../arm-none-eabi/lib/thumb/v7e-m+fp/hard\libc_nano.a(libc_a-mprec.o)
                0x0800e3a4                __pow5mult
 .text.__lshift
                0x0800e458       0xd8 C:/ST/STM32CubeIDE_1.16.0/STM32CubeIDE/plugins/com.st.stm32cube.ide.mcu.externaltools.gnu-tools-for-stm32.12.3.rel1.win32_1.0.200.202406191623/tools/bin/../lib/gcc/arm-none-eabi/12.3.1/../../../../arm-none-eabi/lib/thumb/v7e-m+fp/hard\libc_nano.a(libc_a-mprec.o)
                0x0800e458                __lshift
 .text.__mcmp   0x0800e530       0x36 C:/ST/STM32CubeIDE_1.16.0/STM32CubeIDE/plugins/com.st.stm32cube.ide.mcu.externaltools.gnu-tools-for-stm32.12.3.rel1.win32_1.0.200.202406191623/tools/bin/../lib/gcc/arm-none-eabi/12.3.1/../../../../arm-none-eabi/lib/thumb/v7e-m+fp/hard\libc_nano.a(libc_a-mprec.o)
                0x0800e530                __mcmp
 *fill*         0x0800e566        0x2 
 .text.__mdiff  0x0800e568      0x128 C:/ST/STM32CubeIDE_1.16.0/STM32CubeIDE/plugins/com.st.stm32cube.ide.mcu.externaltools.gnu-tools-for-stm32.12.3.rel1.win32_1.0.200.202406191623/tools/bin/../lib/gcc/arm-none-eabi/12.3.1/../../../../arm-none-eabi/lib/thumb/v7e-m+fp/hard\libc_nano.a(libc_a-mprec.o)
                0x0800e568                __mdiff
 .text.__d2b    0x0800e690       0xb0 C:/ST/STM32CubeIDE_1.16.0/STM32CubeIDE/plugins/com.st.stm32cube.ide.mcu.externaltools.gnu-tools-for-stm32.12.3.rel1.win32_1.0.200.202406191623/tools/bin/../lib/gcc/arm-none-eabi/12.3.1/../../../../arm-none-eabi/lib/thumb/v7e-m+fp/hard\libc_nano.a(libc_a-mprec.o)
                0x0800e690                __d2b
 .text.__ssputs_r
                0x0800e740       0xb6 C:/ST/STM32CubeIDE_1.16.0/STM32CubeIDE/plugins/com.st.stm32cube.ide.mcu.externaltools.gnu-tools-for-stm32.12.3.rel1.win32_1.0.200.202406191623/tools/bin/../lib/gcc/arm-none-eabi/12.3.1/../../../../arm-none-eabi/lib/thumb/v7e-m+fp/hard\libc_nano.a(libc_a-nano-svfprintf.o)
                0x0800e740                __ssputs_r
 *fill*         0x0800e7f6        0x2 
 .text._svfprintf_r
                0x0800e7f8      0x1f8 C:/ST/STM32CubeIDE_1.16.0/STM32CubeIDE/plugins/com.st.stm32cube.ide.mcu.externaltools.gnu-tools-for-stm32.12.3.rel1.win32_1.0.200.202406191623/tools/bin/../lib/gcc/arm-none-eabi/12.3.1/../../../../arm-none-eabi/lib/thumb/v7e-m+fp/hard\libc_nano.a(libc_a-nano-svfprintf.o)
                0x0800e7f8                _svfiprintf_r
                0x0800e7f8                _svfprintf_r
 .text.__sflush_r
                0x0800e9f0      0x108 C:/ST/STM32CubeIDE_1.16.0/STM32CubeIDE/plugins/com.st.stm32cube.ide.mcu.externaltools.gnu-tools-for-stm32.12.3.rel1.win32_1.0.200.202406191623/tools/bin/../lib/gcc/arm-none-eabi/12.3.1/../../../../arm-none-eabi/lib/thumb/v7e-m+fp/hard\libc_nano.a(libc_a-fflush.o)
                0x0800e9f0                __sflush_r
 .text._fflush_r
                0x0800eaf8       0x50 C:/ST/STM32CubeIDE_1.16.0/STM32CubeIDE/plugins/com.st.stm32cube.ide.mcu.externaltools.gnu-tools-for-stm32.12.3.rel1.win32_1.0.200.202406191623/tools/bin/../lib/gcc/arm-none-eabi/12.3.1/../../../../arm-none-eabi/lib/thumb/v7e-m+fp/hard\libc_nano.a(libc_a-fflush.o)
                0x0800eaf8                _fflush_r
 .text.fprintf  0x0800eb48       0x24 C:/ST/STM32CubeIDE_1.16.0/STM32CubeIDE/plugins/com.st.stm32cube.ide.mcu.externaltools.gnu-tools-for-stm32.12.3.rel1.win32_1.0.200.202406191623/tools/bin/../lib/gcc/arm-none-eabi/12.3.1/../../../../arm-none-eabi/lib/thumb/v7e-m+fp/hard\libc_nano.a(libc_a-fprintf.o)
                0x0800eb48                fiprintf
                0x0800eb48                fprintf
 .text.memmove  0x0800eb6c       0x34 C:/ST/STM32CubeIDE_1.16.0/STM32CubeIDE/plugins/com.st.stm32cube.ide.mcu.externaltools.gnu-tools-for-stm32.12.3.rel1.win32_1.0.200.202406191623/tools/bin/../lib/gcc/arm-none-eabi/12.3.1/../../../../arm-none-eabi/lib/thumb/v7e-m+fp/hard\libc_nano.a(libc_a-memmove.o)
                0x0800eb6c                memmove
 .text.abort    0x0800eba0        0xe C:/ST/STM32CubeIDE_1.16.0/STM32CubeIDE/plugins/com.st.stm32cube.ide.mcu.externaltools.gnu-tools-for-stm32.12.3.rel1.win32_1.0.200.202406191623/tools/bin/../lib/gcc/arm-none-eabi/12.3.1/../../../../arm-none-eabi/lib/thumb/v7e-m+fp/hard\libc_nano.a(libc_a-abort.o)
                0x0800eba0                abort
 .text.__ascii_mbtowc
                0x0800ebae       0x24 C:/ST/STM32CubeIDE_1.16.0/STM32CubeIDE/plugins/com.st.stm32cube.ide.mcu.externaltools.gnu-tools-for-stm32.12.3.rel1.win32_1.0.200.202406191623/tools/bin/../lib/gcc/arm-none-eabi/12.3.1/../../../../arm-none-eabi/lib/thumb/v7e-m+fp/hard\libc_nano.a(libc_a-mbtowc_r.o)
                0x0800ebae                __ascii_mbtowc
 .text._realloc_r
                0x0800ebd2       0x5c C:/ST/STM32CubeIDE_1.16.0/STM32CubeIDE/plugins/com.st.stm32cube.ide.mcu.externaltools.gnu-tools-for-stm32.12.3.rel1.win32_1.0.200.202406191623/tools/bin/../lib/gcc/arm-none-eabi/12.3.1/../../../../arm-none-eabi/lib/thumb/v7e-m+fp/hard\libc_nano.a(libc_a-reallocr.o)
                0x0800ebd2                _realloc_r
 .text.__ascii_wctomb
                0x0800ec2e       0x1a C:/ST/STM32CubeIDE_1.16.0/STM32CubeIDE/plugins/com.st.stm32cube.ide.mcu.externaltools.gnu-tools-for-stm32.12.3.rel1.win32_1.0.200.202406191623/tools/bin/../lib/gcc/arm-none-eabi/12.3.1/../../../../arm-none-eabi/lib/thumb/v7e-m+fp/hard\libc_nano.a(libc_a-wctomb_r.o)
                0x0800ec2e                __ascii_wctomb
 .text.__sfputc_r
                0x0800ec48       0x2e C:/ST/STM32CubeIDE_1.16.0/STM32CubeIDE/plugins/com.st.stm32cube.ide.mcu.externaltools.gnu-tools-for-stm32.12.3.rel1.win32_1.0.200.202406191623/tools/bin/../lib/gcc/arm-none-eabi/12.3.1/../../../../arm-none-eabi/lib/thumb/v7e-m+fp/hard\libc_nano.a(libc_a-nano-vfprintf.o)
 .text.__sfputs_r
                0x0800ec76       0x24 C:/ST/STM32CubeIDE_1.16.0/STM32CubeIDE/plugins/com.st.stm32cube.ide.mcu.externaltools.gnu-tools-for-stm32.12.3.rel1.win32_1.0.200.202406191623/tools/bin/../lib/gcc/arm-none-eabi/12.3.1/../../../../arm-none-eabi/lib/thumb/v7e-m+fp/hard\libc_nano.a(libc_a-nano-vfprintf.o)
                0x0800ec76                __sfputs_r
 *fill*         0x0800ec9a        0x2 
 .text._vfprintf_r
                0x0800ec9c      0x230 C:/ST/STM32CubeIDE_1.16.0/STM32CubeIDE/plugins/com.st.stm32cube.ide.mcu.externaltools.gnu-tools-for-stm32.12.3.rel1.win32_1.0.200.202406191623/tools/bin/../lib/gcc/arm-none-eabi/12.3.1/../../../../arm-none-eabi/lib/thumb/v7e-m+fp/hard\libc_nano.a(libc_a-nano-vfprintf.o)
                0x0800ec9c                _vfprintf_r
                0x0800ec9c                _vfiprintf_r
 .text.__swbuf_r
                0x0800eecc       0x7c C:/ST/STM32CubeIDE_1.16.0/STM32CubeIDE/plugins/com.st.stm32cube.ide.mcu.externaltools.gnu-tools-for-stm32.12.3.rel1.win32_1.0.200.202406191623/tools/bin/../lib/gcc/arm-none-eabi/12.3.1/../../../../arm-none-eabi/lib/thumb/v7e-m+fp/hard\libc_nano.a(libc_a-wbuf.o)
                0x0800eecc                __swbuf_r
 .text.__swsetup_r
                0x0800ef48       0xac C:/ST/STM32CubeIDE_1.16.0/STM32CubeIDE/plugins/com.st.stm32cube.ide.mcu.externaltools.gnu-tools-for-stm32.12.3.rel1.win32_1.0.200.202406191623/tools/bin/../lib/gcc/arm-none-eabi/12.3.1/../../../../arm-none-eabi/lib/thumb/v7e-m+fp/hard\libc_nano.a(libc_a-wsetup.o)
                0x0800ef48                __swsetup_r
 .text._raise_r
                0x0800eff4       0x50 C:/ST/STM32CubeIDE_1.16.0/STM32CubeIDE/plugins/com.st.stm32cube.ide.mcu.externaltools.gnu-tools-for-stm32.12.3.rel1.win32_1.0.200.202406191623/tools/bin/../lib/gcc/arm-none-eabi/12.3.1/../../../../arm-none-eabi/lib/thumb/v7e-m+fp/hard\libc_nano.a(libc_a-signal.o)
                0x0800eff4                _raise_r
 .text.raise    0x0800f044       0x10 C:/ST/STM32CubeIDE_1.16.0/STM32CubeIDE/plugins/com.st.stm32cube.ide.mcu.externaltools.gnu-tools-for-stm32.12.3.rel1.win32_1.0.200.202406191623/tools/bin/../lib/gcc/arm-none-eabi/12.3.1/../../../../arm-none-eabi/lib/thumb/v7e-m+fp/hard\libc_nano.a(libc_a-signal.o)
                0x0800f044                raise
 .text._kill_r  0x0800f054       0x24 C:/ST/STM32CubeIDE_1.16.0/STM32CubeIDE/plugins/com.st.stm32cube.ide.mcu.externaltools.gnu-tools-for-stm32.12.3.rel1.win32_1.0.200.202406191623/tools/bin/../lib/gcc/arm-none-eabi/12.3.1/../../../../arm-none-eabi/lib/thumb/v7e-m+fp/hard\libc_nano.a(libc_a-signalr.o)
                0x0800f054                _kill_r
 .text._getpid_r
                0x0800f078        0x4 C:/ST/STM32CubeIDE_1.16.0/STM32CubeIDE/plugins/com.st.stm32cube.ide.mcu.externaltools.gnu-tools-for-stm32.12.3.rel1.win32_1.0.200.202406191623/tools/bin/../lib/gcc/arm-none-eabi/12.3.1/../../../../arm-none-eabi/lib/thumb/v7e-m+fp/hard\libc_nano.a(libc_a-signalr.o)
                0x0800f078                _getpid_r
 .text._malloc_usable_size_r
                0x0800f07c       0x10 C:/ST/STM32CubeIDE_1.16.0/STM32CubeIDE/plugins/com.st.stm32cube.ide.mcu.externaltools.gnu-tools-for-stm32.12.3.rel1.win32_1.0.200.202406191623/tools/bin/../lib/gcc/arm-none-eabi/12.3.1/../../../../arm-none-eabi/lib/thumb/v7e-m+fp/hard\libc_nano.a(libc_a-msizer.o)
                0x0800f07c                _malloc_usable_size_r
 .text.__swhatbuf_r
                0x0800f08c       0x4c C:/ST/STM32CubeIDE_1.16.0/STM32CubeIDE/plugins/com.st.stm32cube.ide.mcu.externaltools.gnu-tools-for-stm32.12.3.rel1.win32_1.0.200.202406191623/tools/bin/../lib/gcc/arm-none-eabi/12.3.1/../../../../arm-none-eabi/lib/thumb/v7e-m+fp/hard\libc_nano.a(libc_a-makebuf.o)
                0x0800f08c                __swhatbuf_r
 .text.__smakebuf_r
                0x0800f0d8       0x78 C:/ST/STM32CubeIDE_1.16.0/STM32CubeIDE/plugins/com.st.stm32cube.ide.mcu.externaltools.gnu-tools-for-stm32.12.3.rel1.win32_1.0.200.202406191623/tools/bin/../lib/gcc/arm-none-eabi/12.3.1/../../../../arm-none-eabi/lib/thumb/v7e-m+fp/hard\libc_nano.a(libc_a-makebuf.o)
                0x0800f0d8                __smakebuf_r
 .text._fstat_r
                0x0800f150       0x24 C:/ST/STM32CubeIDE_1.16.0/STM32CubeIDE/plugins/com.st.stm32cube.ide.mcu.externaltools.gnu-tools-for-stm32.12.3.rel1.win32_1.0.200.202406191623/tools/bin/../lib/gcc/arm-none-eabi/12.3.1/../../../../arm-none-eabi/lib/thumb/v7e-m+fp/hard\libc_nano.a(libc_a-fstatr.o)
                0x0800f150                _fstat_r
 .text._isatty_r
                0x0800f174       0x20 C:/ST/STM32CubeIDE_1.16.0/STM32CubeIDE/plugins/com.st.stm32cube.ide.mcu.externaltools.gnu-tools-for-stm32.12.3.rel1.win32_1.0.200.202406191623/tools/bin/../lib/gcc/arm-none-eabi/12.3.1/../../../../arm-none-eabi/lib/thumb/v7e-m+fp/hard\libc_nano.a(libc_a-isattyr.o)
                0x0800f174                _isatty_r
 *(.glue_7)
 .glue_7        0x0800f194        0x0 linker stubs
 *(.glue_7t)
 .glue_7t       0x0800f194        0x0 linker stubs
 *(.eh_frame)
 .eh_frame      0x0800f194        0x0 C:/ST/STM32CubeIDE_1.16.0/STM32CubeIDE/plugins/com.st.stm32cube.ide.mcu.externaltools.gnu-tools-for-stm32.12.3.rel1.win32_1.0.200.202406191623/tools/bin/../lib/gcc/arm-none-eabi/12.3.1/thumb/v7e-m+fp/hard/crtbegin.o
 *(.init)
 .init          0x0800f194        0x4 C:/ST/STM32CubeIDE_1.16.0/STM32CubeIDE/plugins/com.st.stm32cube.ide.mcu.externaltools.gnu-tools-for-stm32.12.3.rel1.win32_1.0.200.202406191623/tools/bin/../lib/gcc/arm-none-eabi/12.3.1/thumb/v7e-m+fp/hard/crti.o
                0x0800f194                _init
 .init          0x0800f198        0x8 C:/ST/STM32CubeIDE_1.16.0/STM32CubeIDE/plugins/com.st.stm32cube.ide.mcu.externaltools.gnu-tools-for-stm32.12.3.rel1.win32_1.0.200.202406191623/tools/bin/../lib/gcc/arm-none-eabi/12.3.1/thumb/v7e-m+fp/hard/crtn.o
 *(.fini)
 .fini          0x0800f1a0        0x4 C:/ST/STM32CubeIDE_1.16.0/STM32CubeIDE/plugins/com.st.stm32cube.ide.mcu.externaltools.gnu-tools-for-stm32.12.3.rel1.win32_1.0.200.202406191623/tools/bin/../lib/gcc/arm-none-eabi/12.3.1/thumb/v7e-m+fp/hard/crti.o
                0x0800f1a0                _fini
 .fini          0x0800f1a4        0x8 C:/ST/STM32CubeIDE_1.16.0/STM32CubeIDE/plugins/com.st.stm32cube.ide.mcu.externaltools.gnu-tools-for-stm32.12.3.rel1.win32_1.0.200.202406191623/tools/bin/../lib/gcc/arm-none-eabi/12.3.1/thumb/v7e-m+fp/hard/crtn.o
                0x0800f1ac                        . = ALIGN (0x4)
                0x0800f1ac                        _etext = .

.vfp11_veneer   0x0800f1ac        0x0
 .vfp11_veneer  0x0800f1ac        0x0 linker stubs

.v4_bx          0x0800f1ac        0x0
 .v4_bx         0x0800f1ac        0x0 linker stubs

.iplt           0x0800f1ac        0x0
 .iplt          0x0800f1ac        0x0 C:/ST/STM32CubeIDE_1.16.0/STM32CubeIDE/plugins/com.st.stm32cube.ide.mcu.externaltools.gnu-tools-for-stm32.12.3.rel1.win32_1.0.200.202406191623/tools/bin/../lib/gcc/arm-none-eabi/12.3.1/thumb/v7e-m+fp/hard/crtbegin.o

.rodata         0x0800f1b0      0x824
                0x0800f1b0                        . = ALIGN (0x4)
 *(.rodata)
 .rodata        0x0800f1b0       0x5f ./Core/Src/freertos.o
 *fill*         0x0800f20f        0x1 
 .rodata        0x0800f210      0x2aa ./Core/Src/parser.o
 *fill*         0x0800f4ba        0x2 
 .rodata        0x0800f4bc       0x5a ./Drivers/AD7676/Src/ad7676.o
 *fill*         0x0800f516        0x2 
 .rodata        0x0800f518        0x5 ./Middlewares/Third_Party/FreeRTOS/Source/tasks.o
 *fill*         0x0800f51d        0x3 
 .rodata        0x0800f520        0xd ./Middlewares/Third_Party/FreeRTOS/Source/timers.o
 *(.rodata*)
 *fill*         0x0800f52d        0x3 
 .rodata.defaultTask_attributes
                0x0800f530       0x24 ./Core/Src/freertos.o
                0x0800f530                defaultTask_attributes
 .rodata.adc_handler_attributes
                0x0800f554       0x24 ./Core/Src/freertos.o
                0x0800f554                adc_handler_attributes
 .rodata.pll_handler_attributes
                0x0800f578       0x24 ./Core/Src/freertos.o