../Drivers/CMSIS/Include/core_cm4.h:1770:22:__NVIC_ClearPendingIRQ	16	static
../Core/Src/main.c:82:5:main	16	static,ignoring_inline_asm
../Core/Src/main.c:134:6:SystemClock_Config	96	static
../Core/Src/main.c:184:13:MX_USART2_UART_Init	8	static
../Core/Src/main.c:219:13:MX_GPIO_Init	48	static
../Core/Src/main.c:276:6:MX_SPI2_Init	8	static
../Core/Src/main.c:282:6:MX_DMA_Init	16	static
../Core/Src/main.c:295:13:ad7676_spi_configuration	4	static
../Core/Src/main.c:322:13:ad7676_dma_configuration	16	static
../Core/Src/main.c:337:13:ad7676_clock_configuration	40	static
../Core/Src/main.c:361:13:ad7676_dma_enable_stream	24	static
../Core/Src/main.c:367:6:SPI2_IRQHandler	8	static
../Core/Src/main.c:376:6:DMA1_Channel4_IRQHandler	16	static,ignoring_inline_asm
../Core/Src/main.c:394:6:HAL_GPIO_EXTI_Callback	16	static
../Core/Src/main.c:403:13:ad7676_spi_read_raw	16	static
../Core/Src/main.c:425:6:Error_Handler	4	static,ignoring_inline_asm
